INFO Draco mesh compression is available, use library at C:\Program Files\Blender Foundation\Blender 4.5\4.5\scripts\addons_core\io_scene_gltf2\extern_draco.dll
19:26:29 | INFO: Starting glTF 2.0 export
19:26:29 | INFO: Extracting primitive: crown
19:26:29 | INFO: Primitives created: 1
19:26:29 | INFO: Extracting primitive: trunk
19:26:29 | INFO: Primitives created: 1
19:26:29 | INFO: Finished glTF 2.0 export in 0.01736283302307129 s

VISBY_PINE 0 hero 4500
19:26:29 | INFO: Starting glTF 2.0 export
19:26:29 | INFO: Extracting primitive: crown.001
19:26:29 | INFO: Primitives created: 1
19:26:29 | INFO: Extracting primitive: trunk.001
19:26:29 | INFO: Primitives created: 1
19:26:29 | INFO: Finished glTF 2.0 export in 0.01252603530883789 s

VISBY_PINE 0 full 1700
19:26:29 | INFO: Starting glTF 2.0 export
19:26:29 | INFO: Extracting primitive: crown.002
19:26:29 | INFO: Primitives created: 1
19:26:29 | INFO: Extracting primitive: trunk.002
19:26:29 | INFO: Primitives created: 1
19:26:29 | INFO: Finished glTF 2.0 export in 0.007375955581665039 s

VISBY_PINE 0 lite 304
19:26:29 | INFO: Starting glTF 2.0 export
19:26:29 | INFO: Extracting primitive: crown.003
19:26:29 | INFO: Primitives created: 1
19:26:29 | INFO: Extracting primitive: trunk.003
19:26:29 | INFO: Primitives created: 1
19:26:29 | INFO: Finished glTF 2.0 export in 0.017077922821044922 s

VISBY_PINE 1 hero 4500
19:26:29 | INFO: Starting glTF 2.0 export
19:26:29 | INFO: Extracting primitive: crown.004
19:26:29 | INFO: Primitives created: 1
19:26:29 | INFO: Extracting primitive: trunk.004
19:26:29 | INFO: Primitives created: 1
19:26:29 | INFO: Finished glTF 2.0 export in 0.0024843215942382812 s

VISBY_PINE 1 full 1700
19:26:29 | INFO: Starting glTF 2.0 export
19:26:29 | INFO: Extracting primitive: crown.005
19:26:29 | INFO: Primitives created: 1
19:26:29 | INFO: Extracting primitive: trunk.005
19:26:29 | INFO: Primitives created: 1
19:26:30 | INFO: Finished glTF 2.0 export in 0.008038043975830078 s

VISBY_PINE 1 lite 304
19:26:30 | INFO: Starting glTF 2.0 export
19:26:30 | INFO: Extracting primitive: crown.006
19:26:30 | INFO: Primitives created: 1
19:26:30 | INFO: Extracting primitive: trunk.006
19:26:30 | INFO: Primitives created: 1
19:26:30 | INFO: Finished glTF 2.0 export in 0.013463258743286133 s

VISBY_PINE 2 hero 4500
19:26:30 | INFO: Starting glTF 2.0 export
19:26:30 | INFO: Extracting primitive: crown.007
19:26:30 | INFO: Primitives created: 1
19:26:30 | INFO: Extracting primitive: trunk.007
19:26:30 | INFO: Primitives created: 1
19:26:30 | INFO: Finished glTF 2.0 export in 0.006072998046875 s

VISBY_PINE 2 full 1700
19:26:30 | INFO: Starting glTF 2.0 export
19:26:30 | INFO: Extracting primitive: crown.008
19:26:30 | INFO: Primitives created: 1
19:26:30 | INFO: Extracting primitive: trunk.008
19:26:30 | INFO: Primitives created: 1
19:26:30 | INFO: Finished glTF 2.0 export in 0.00806879997253418 s

VISBY_PINE 2 lite 304
19:26:30 | INFO: Starting glTF 2.0 export
19:26:30 | INFO: Extracting primitive: crown.009
19:26:30 | INFO: Primitives created: 1
19:26:30 | INFO: Extracting primitive: trunk.009
19:26:30 | INFO: Primitives created: 1
19:26:30 | INFO: Finished glTF 2.0 export in 0.013307809829711914 s

VISBY_PINE 3 hero 4500
19:26:30 | INFO: Starting glTF 2.0 export
19:26:30 | INFO: Extracting primitive: crown.010
19:26:30 | INFO: Primitives created: 1
19:26:30 | INFO: Extracting primitive: trunk.010
19:26:30 | INFO: Primitives created: 1
19:26:30 | INFO: Finished glTF 2.0 export in 0.008065223693847656 s

VISBY_PINE 3 full 1700
19:26:30 | INFO: Starting glTF 2.0 export
19:26:30 | INFO: Extracting primitive: crown.011
19:26:30 | INFO: Primitives created: 1
19:26:30 | INFO: Extracting primitive: trunk.011
19:26:30 | INFO: Primitives created: 1
19:26:30 | INFO: Finished glTF 2.0 export in 0.007367372512817383 s

VISBY_PINE 3 lite 304
Blender 4.5.9 LTS (hash 8bf95cbd38d1 built 2026-04-21 01:33:45)
Fra:1 Mem:15.74M (Peak 15.74M) | Time:00:00.00 | Mem:0.00M, Peak:0.00M | Visby GK | Martallar - original colours, ViewLayer | Synchronizing object | Study ground
Fra:1 Mem:15.74M (Peak 15.74M) | Time:00:00.00 | Mem:0.00M, Peak:0.00M | Visby GK | Martallar - original colours, ViewLayer | Synchronizing object | Soft sun
Fra:1 Mem:19.18M (Peak 19.18M) | Time:00:00.00 | Mem:0.00M, Peak:0.00M | Visby GK | Martallar - original colours, ViewLayer | Initializing
Fra:1 Mem:19.14M (Peak 19.18M) | Time:00:00.00 | Mem:0.00M, Peak:0.00M | Visby GK | Martallar - original colours, ViewLayer | Updating Images | Loading 156f6f1e2bebc2f54dc51bb289c4199499f3027cf8a58dd983de7ae4966f048
Fra:1 Mem:19.55M (Peak 21.15M) | Time:00:00.01 | Mem:1.00M, Peak:1.00M | Visby GK | Martallar - original colours, ViewLayer | Waiting for render to start
Fra:1 Mem:19.55M (Peak 21.15M) | Time:00:00.01 | Mem:1.00M, Peak:1.00M | Visby GK | Martallar - original colours, ViewLayer | Updating Scene
Fra:1 Mem:19.55M (Peak 21.15M) | Time:00:00.01 | Mem:1.00M, Peak:1.00M | Visby GK | Martallar - original colours, ViewLayer | Updating Shaders
Fra:1 Mem:19.55M (Peak 21.15M) | Time:00:00.01 | Mem:1.00M, Peak:1.00M | Visby GK | Martallar - original colours, ViewLayer | Loading render kernels (may take a few minutes the first time)
Fra:1 Mem:19.63M (Peak 21.15M) | Time:00:00.01 | Mem:1.00M, Peak:1.00M | Visby GK | Martallar - original colours, ViewLayer | Updating Procedurals
Fra:1 Mem:19.63M (Peak 21.15M) | Time:00:00.01 | Mem:1.00M, Peak:1.00M | Visby GK | Martallar - original colours, ViewLayer | Updating Background
Fra:1 Mem:19.63M (Peak 21.15M) | Time:00:00.01 | Mem:1.00M, Peak:1.00M | Visby GK | Martallar - original colours, ViewLayer | Updating Camera
Fra:1 Mem:19.63M (Peak 21.15M) | Time:00:00.01 | Mem:1.00M, Peak:1.00M | Visby GK | Martallar - original colours, ViewLayer | Updating Meshes Flags
Fra:1 Mem:19.63M (Peak 21.15M) | Time:00:00.01 | Mem:1.00M, Peak:1.00M | Visby GK | Martallar - original colours, ViewLayer | Updating Objects
Fra:1 Mem:19.63M (Peak 21.15M) | Time:00:00.01 | Mem:1.00M, Peak:1.00M | Visby GK | Martallar - original colours, ViewLayer | Updating Objects | Copying Transformations to device
Fra:1 Mem:19.64M (Peak 21.15M) | Time:00:00.01 | Mem:1.01M, Peak:1.01M | Visby GK | Martallar - original colours, ViewLayer | Updating Particle Systems
Fra:1 Mem:19.64M (Peak 21.15M) | Time:00:00.01 | Mem:1.01M, Peak:1.01M | Visby GK | Martallar - original colours, ViewLayer | Updating Particle Systems | Copying Particles to device
Fra:1 Mem:19.64M (Peak 21.15M) | Time:00:00.01 | Mem:1.01M, Peak:1.01M | Visby GK | Martallar - original colours, ViewLayer | Updating Meshes
Fra:1 Mem:19.64M (Peak 21.15M) | Time:00:00.01 | Mem:1.01M, Peak:1.01M | Visby GK | Martallar - original colours, ViewLayer | Updating Objects | Applying Static Transformations
Fra:1 Mem:19.64M (Peak 21.15M) | Time:00:00.01 | Mem:1.01M, Peak:1.01M | Visby GK | Martallar - original colours, ViewLayer | Updating Mesh | Computing attributes
Fra:1 Mem:20.02M (Peak 21.15M) | Time:00:00.01 | Mem:1.01M, Peak:1.01M | Visby GK | Martallar - original colours, ViewLayer | Updating Mesh | Copying Attributes to device
Fra:1 Mem:20.02M (Peak 21.15M) | Time:00:00.01 | Mem:1.39M, Peak:1.39M | Visby GK | Martallar - original colours, ViewLayer | Updating Scene BVH | Building
Fra:1 Mem:20.02M (Peak 21.15M) | Time:00:00.01 | Mem:1.39M, Peak:1.39M | Visby GK | Martallar - original colours, ViewLayer | Updating Scene BVH | Building BVH
Fra:1 Mem:20.02M (Peak 21.15M) | Time:00:00.01 | Mem:1.94M, Peak:1.94M | Visby GK | Martallar - original colours, ViewLayer | Updating Scene BVH | Building BVH 0%
Fra:1 Mem:20.02M (Peak 21.15M) | Time:00:00.01 | Mem:2.54M, Peak:3.09M | Visby GK | Martallar - original colours, ViewLayer | Updating Scene BVH | Copying BVH to device
Fra:1 Mem:20.02M (Peak 21.15M) | Time:00:00.01 | Mem:2.54M, Peak:3.09M | Visby GK | Martallar - original colours, ViewLayer | Updating Mesh | Computing normals
Fra:1 Mem:20.80M (Peak 21.15M) | Time:00:00.01 | Mem:2.54M, Peak:3.09M | Visby GK | Martallar - original colours, ViewLayer | Updating Mesh | Copying Mesh to device
Fra:1 Mem:20.80M (Peak 21.15M) | Time:00:00.01 | Mem:3.32M, Peak:3.32M | Visby GK | Martallar - original colours, ViewLayer | Updating Objects Flags
Fra:1 Mem:20.80M (Peak 21.15M) | Time:00:00.01 | Mem:3.32M, Peak:3.32M | Visby GK | Martallar - original colours, ViewLayer | Updating Primitive Offsets
Fra:1 Mem:20.80M (Peak 21.15M) | Time:00:00.01 | Mem:3.32M, Peak:3.32M | Visby GK | Martallar - original colours, ViewLayer | Updating Images
Fra:1 Mem:20.80M (Peak 21.15M) | Time:00:00.01 | Mem:3.32M, Peak:3.32M | Visby GK | Martallar - original colours, ViewLayer | Updating Camera Volume
Fra:1 Mem:20.80M (Peak 21.15M) | Time:00:00.01 | Mem:3.32M, Peak:3.32M | Visby GK | Martallar - original colours, ViewLayer | Updating Lookup Tables
Fra:1 Mem:20.80M (Peak 21.15M) | Time:00:00.01 | Mem:3.40M, Peak:3.40M | Visby GK | Martallar - original colours, ViewLayer | Updating Lights
Fra:1 Mem:20.80M (Peak 21.15M) | Time:00:00.01 | Mem:3.40M, Peak:3.40M | Visby GK | Martallar - original colours, ViewLayer | Updating Lights | Computing tree
Fra:1 Mem:22.44M (Peak 23.51M) | Time:00:00.03 | Mem:5.04M, Peak:5.04M | Visby GK | Martallar - original colours, ViewLayer | Updating Integrator
Fra:1 Mem:22.44M (Peak 23.51M) | Time:00:00.03 | Mem:5.04M, Peak:5.04M | Visby GK | Martallar - original colours, ViewLayer | Updating Film
Fra:1 Mem:22.44M (Peak 23.51M) | Time:00:00.03 | Mem:4.96M, Peak:5.04M | Visby GK | Martallar - original colours, ViewLayer | Updating Lookup Tables
Fra:1 Mem:22.44M (Peak 23.51M) | Time:00:00.03 | Mem:5.04M, Peak:5.04M | Visby GK | Martallar - original colours, ViewLayer | Updating Baking
Fra:1 Mem:22.44M (Peak 23.51M) | Time:00:00.03 | Mem:5.04M, Peak:5.04M | Visby GK | Martallar - original colours, ViewLayer | Updating Device | Writing constant memory
Fra:1 Mem:22.44M (Peak 23.51M) | Time:00:00.03 | Mem:5.04M, Peak:5.04M | Visby GK | Martallar - original colours, ViewLayer | Loading denoising kernels (may take a few minutes the first time)
Fra:1 Mem:22.44M (Peak 23.51M) | Time:00:00.03 | Mem:5.04M, Peak:5.04M | Visby GK | Martallar - original colours, ViewLayer | Sample 0/24
Fra:1 Mem:165.27M (Peak 165.27M) | Time:00:00.79 | Remaining:00:17.30 | Mem:147.69M, Peak:147.69M | Visby GK | Martallar - original colours, ViewLayer | Sample 1/24
Fra:1 Mem:225.33M (Peak 315.43M) | Time:00:27.53 | Mem:147.69M, Peak:147.69M | Visby GK | Martallar - original colours, ViewLayer | Sample 24/24
Fra:1 Mem:225.33M (Peak 315.43M) | Time:00:27.53 | Mem:147.69M, Peak:147.69M | Visby GK | Martallar - original colours, ViewLayer | Finished
Saved: 'C:\Users\olov_\repos\olovs-hemsida\docs\graphics\visby-martall-original-colours-2026-09-21\blender-four-variants.png'
Time: 00:27.84 (Saving: 00:00.29)

Fra:1 Mem:17.81M (Peak 17.81M) | Time:00:00.00 | Mem:0.00M, Peak:0.00M | Visby GK | Martallar - original colours, ViewLayer | Synchronizing object | Study ground
Fra:1 Mem:17.81M (Peak 17.81M) | Time:00:00.00 | Mem:0.00M, Peak:0.00M | Visby GK | Martallar - original colours, ViewLayer | Synchronizing object | Krokig flerstammig martall | trunk
Fra:1 Mem:17.81M (Peak 17.81M) | Time:00:00.00 | Mem:0.00M, Peak:0.00M | Visby GK | Martallar - original colours, ViewLayer | Synchronizing object | Öppen skärmtall | trunk
Fra:1 Mem:17.88M (Peak 17.88M) | Time:00:00.00 | Mem:0.00M, Peak:0.00M | Visby GK | Martallar - original colours, ViewLayer | Synchronizing object | Soft sun
Fra:1 Mem:19.18M (Peak 19.18M) | Time:00:00.00 | Mem:0.00M, Peak:0.00M | Visby GK | Martallar - original colours, ViewLayer | Initializing
Fra:1 Mem:19.14M (Peak 19.18M) | Time:00:00.00 | Mem:0.00M, Peak:0.00M | Visby GK | Martallar - original colours, ViewLayer | Updating Images | Loading 156f6f1e2bebc2f54dc51bb289c4199499f3027cf8a58dd983de7ae4966f048
Fra:1 Mem:19.55M (Peak 21.15M) | Time:00:00.01 | Mem:1.00M, Peak:1.00M | Visby GK | Martallar - original colours, ViewLayer | Waiting for render to start
Fra:1 Mem:19.55M (Peak 21.15M) | Time:00:00.01 | Mem:1.00M, Peak:1.00M | Visby GK | Martallar - original colours, ViewLayer | Updating Scene
Fra:1 Mem:19.55M (Peak 21.15M) | Time:00:00.01 | Mem:1.00M, Peak:1.00M | Visby GK | Martallar - original colours, ViewLayer | Updating Shaders
Fra:1 Mem:19.55M (Peak 21.15M) | Time:00:00.01 | Mem:1.00M, Peak:1.00M | Visby GK | Martallar - original colours, ViewLayer | Loading render kernels (may take a few minutes the first time)
Fra:1 Mem:19.63M (Peak 21.15M) | Time:00:00.01 | Mem:1.00M, Peak:1.00M | Visby GK | Martallar - original colours, ViewLayer | Updating Procedurals
Fra:1 Mem:19.63M (Peak 21.15M) | Time:00:00.01 | Mem:1.00M, Peak:1.00M | Visby GK | Martallar - original colours, ViewLayer | Updating Background
Fra:1 Mem:19.63M (Peak 21.15M) | Time:00:00.01 | Mem:1.00M, Peak:1.00M | Visby GK | Martallar - original colours, ViewLayer | Updating Camera
Fra:1 Mem:19.63M (Peak 21.15M) | Time:00:00.01 | Mem:1.00M, Peak:1.00M | Visby GK | Martallar - original colours, ViewLayer | Updating Meshes Flags
Fra:1 Mem:19.63M (Peak 21.15M) | Time:00:00.01 | Mem:1.00M, Peak:1.00M | Visby GK | Martallar - original colours, ViewLayer | Updating Objects
Fra:1 Mem:19.63M (Peak 21.15M) | Time:00:00.01 | Mem:1.00M, Peak:1.00M | Visby GK | Martallar - original colours, ViewLayer | Updating Objects | Copying Transformations to device
Fra:1 Mem:19.64M (Peak 21.15M) | Time:00:00.01 | Mem:1.01M, Peak:1.01M | Visby GK | Martallar - original colours, ViewLayer | Updating Particle Systems
Fra:1 Mem:19.64M (Peak 21.15M) | Time:00:00.01 | Mem:1.01M, Peak:1.01M | Visby GK | Martallar - original colours, ViewLayer | Updating Particle Systems | Copying Particles to device
Fra:1 Mem:19.64M (Peak 21.15M) | Time:00:00.01 | Mem:1.01M, Peak:1.01M | Visby GK | Martallar - original colours, ViewLayer | Updating Meshes
Fra:1 Mem:19.64M (Peak 21.15M) | Time:00:00.01 | Mem:1.01M, Peak:1.01M | Visby GK | Martallar - original colours, ViewLayer | Updating Objects | Applying Static Transformations
Fra:1 Mem:19.64M (Peak 21.15M) | Time:00:00.01 | Mem:1.01M, Peak:1.01M | Visby GK | Martallar - original colours, ViewLayer | Updating Mesh | Computing attributes
Fra:1 Mem:20.02M (Peak 21.15M) | Time:00:00.01 | Mem:1.01M, Peak:1.01M | Visby GK | Martallar - original colours, ViewLayer | Updating Mesh | Copying Attributes to device
Fra:1 Mem:20.02M (Peak 21.15M) | Time:00:00.01 | Mem:1.39M, Peak:1.39M | Visby GK | Martallar - original colours, ViewLayer | Updating Scene BVH | Building
Fra:1 Mem:20.02M (Peak 21.15M) | Time:00:00.01 | Mem:1.39M, Peak:1.39M | Visby GK | Martallar - original colours, ViewLayer | Updating Scene BVH | Building BVH
Fra:1 Mem:20.02M (Peak 21.15M) | Time:00:00.01 | Mem:1.94M, Peak:1.94M | Visby GK | Martallar - original colours, ViewLayer | Updating Scene BVH | Building BVH 0%
Fra:1 Mem:20.02M (Peak 21.15M) | Time:00:00.02 | Mem:2.54M, Peak:3.09M | Visby GK | Martallar - original colours, ViewLayer | Updating Scene BVH | Copying BVH to device
Fra:1 Mem:20.02M (Peak 21.15M) | Time:00:00.02 | Mem:2.54M, Peak:3.09M | Visby GK | Martallar - original colours, ViewLayer | Updating Mesh | Computing normals
Fra:1 Mem:20.80M (Peak 21.15M) | Time:00:00.02 | Mem:2.54M, Peak:3.09M | Visby GK | Martallar - original colours, ViewLayer | Updating Mesh | Copying Mesh to device
Fra:1 Mem:20.80M (Peak 21.15M) | Time:00:00.02 | Mem:3.32M, Peak:3.32M | Visby GK | Martallar - original colours, ViewLayer | Updating Objects Flags
Fra:1 Mem:20.80M (Peak 21.15M) | Time:00:00.02 | Mem:3.32M, Peak:3.32M | Visby GK | Martallar - original colours, ViewLayer | Updating Primitive Offsets
Fra:1 Mem:20.80M (Peak 21.15M) | Time:00:00.02 | Mem:3.32M, Peak:3.32M | Visby GK | Martallar - original colours, ViewLayer | Updating Images
Fra:1 Mem:20.80M (Peak 21.15M) | Time:00:00.02 | Mem:3.32M, Peak:3.32M | Visby GK | Martallar - original colours, ViewLayer | Updating Camera Volume
Fra:1 Mem:20.80M (Peak 21.15M) | Time:00:00.02 | Mem:3.32M, Peak:3.32M | Visby GK | Martallar - original colours, ViewLayer | Updating Lookup Tables
Fra:1 Mem:20.80M (Peak 21.15M) | Time:00:00.02 | Mem:3.40M, Peak:3.40M | Visby GK | Martallar - original colours, ViewLayer | Updating Lights
Fra:1 Mem:20.80M (Peak 21.15M) | Time:00:00.02 | Mem:3.40M, Peak:3.40M | Visby GK | Martallar - original colours, ViewLayer | Updating Lights | Computing tree
Fra:1 Mem:22.44M (Peak 23.51M) | Time:00:00.05 | Mem:5.04M, Peak:5.04M | Visby GK | Martallar - original colours, ViewLayer | Updating Integrator
Fra:1 Mem:22.44M (Peak 23.51M) | Time:00:00.05 | Mem:5.04M, Peak:5.04M | Visby GK | Martallar - original colours, ViewLayer | Updating Film
Fra:1 Mem:22.44M (Peak 23.51M) | Time:00:00.05 | Mem:4.96M, Peak:5.04M | Visby GK | Martallar - original colours, ViewLayer | Updating Lookup Tables
Fra:1 Mem:22.44M (Peak 23.51M) | Time:00:00.05 | Mem:5.04M, Peak:5.04M | Visby GK | Martallar - original colours, ViewLayer | Updating Baking
Fra:1 Mem:22.44M (Peak 23.51M) | Time:00:00.05 | Mem:5.04M, Peak:5.04M | Visby GK | Martallar - original colours, ViewLayer | Updating Device | Writing constant memory
Fra:1 Mem:22.45M (Peak 23.51M) | Time:00:00.05 | Mem:5.04M, Peak:5.04M | Visby GK | Martallar - original colours, ViewLayer | Loading denoising kernels (may take a few minutes the first time)
Fra:1 Mem:22.45M (Peak 23.51M) | Time:00:00.05 | Mem:5.04M, Peak:5.04M | Visby GK | Martallar - original colours, ViewLayer | Sample 0/24
Fra:1 Mem:134.25M (Peak 134.25M) | Time:00:01.11 | Remaining:00:24.39 | Mem:116.67M, Peak:116.67M | Visby GK | Martallar - original colours, ViewLayer | Sample 1/24
Fra:1 Mem:181.25M (Peak 251.75M) | Time:00:30.03 | Mem:116.67M, Peak:116.67M | Visby GK | Martallar - original colours, ViewLayer | Sample 24/24
Fra:1 Mem:181.25M (Peak 251.75M) | Time:00:30.03 | Mem:116.67M, Peak:116.67M | Visby GK | Martallar - original colours, ViewLayer | Finished
Saved: 'C:\Users\olov_\repos\olovs-hemsida\docs\graphics\visby-martall-original-colours-2026-09-21\variant-0.png'
Time: 00:30.26 (Saving: 00:00.22)

Fra:1 Mem:17.81M (Peak 17.81M) | Time:00:00.00 | Mem:0.00M, Peak:0.00M | Visby GK | Martallar - original colours, ViewLayer | Synchronizing object | Study ground
Fra:1 Mem:17.81M (Peak 17.81M) | Time:00:00.00 | Mem:0.00M, Peak:0.00M | Visby GK | Martallar - original colours, ViewLayer | Synchronizing object | Öppen skärmtall | crown
Fra:1 Mem:17.81M (Peak 17.81M) | Time:00:00.00 | Mem:0.00M, Peak:0.00M | Visby GK | Martallar - original colours, ViewLayer | Synchronizing object | Öppen skärmtall | trunk
Fra:1 Mem:17.82M (Peak 17.82M) | Time:00:00.00 | Mem:0.00M, Peak:0.00M | Visby GK | Martallar - original colours, ViewLayer | Synchronizing object | Soft sun
Fra:1 Mem:19.18M (Peak 19.18M) | Time:00:00.00 | Mem:0.00M, Peak:0.00M | Visby GK | Martallar - original colours, ViewLayer | Initializing
Fra:1 Mem:19.14M (Peak 19.18M) | Time:00:00.00 | Mem:0.00M, Peak:0.00M | Visby GK | Martallar - original colours, ViewLayer | Updating Images | Loading 156f6f1e2bebc2f54dc51bb289c4199499f3027cf8a58dd983de7ae4966f048
Fra:1 Mem:19.55M (Peak 21.15M) | Time:00:00.01 | Mem:1.00M, Peak:1.00M | Visby GK | Martallar - original colours, ViewLayer | Waiting for render to start
Fra:1 Mem:19.55M (Peak 21.15M) | Time:00:00.01 | Mem:1.00M, Peak:1.00M | Visby GK | Martallar - original colours, ViewLayer | Updating Scene
Fra:1 Mem:19.55M (Peak 21.15M) | Time:00:00.01 | Mem:1.00M, Peak:1.00M | Visby GK | Martallar - original colours, ViewLayer | Updating Shaders
Fra:1 Mem:19.55M (Peak 21.15M) | Time:00:00.01 | Mem:1.00M, Peak:1.00M | Visby GK | Martallar - original colours, ViewLayer | Loading render kernels (may take a few minutes the first time)
Fra:1 Mem:19.63M (Peak 21.15M) | Time:00:00.01 | Mem:1.00M, Peak:1.00M | Visby GK | Martallar - original colours, ViewLayer | Updating Procedurals
Fra:1 Mem:19.63M (Peak 21.15M) | Time:00:00.01 | Mem:1.00M, Peak:1.00M | Visby GK | Martallar - original colours, ViewLayer | Updating Background
Fra:1 Mem:19.63M (Peak 21.15M) | Time:00:00.01 | Mem:1.00M, Peak:1.00M | Visby GK | Martallar - original colours, ViewLayer | Updating Camera
Fra:1 Mem:19.63M (Peak 21.15M) | Time:00:00.01 | Mem:1.00M, Peak:1.00M | Visby GK | Martallar - original colours, ViewLayer | Updating Meshes Flags
Fra:1 Mem:19.63M (Peak 21.15M) | Time:00:00.01 | Mem:1.00M, Peak:1.00M | Visby GK | Martallar - original colours, ViewLayer | Updating Objects
Fra:1 Mem:19.63M (Peak 21.15M) | Time:00:00.01 | Mem:1.00M, Peak:1.00M | Visby GK | Martallar - original colours, ViewLayer | Updating Objects | Copying Transformations to device
Fra:1 Mem:19.64M (Peak 21.15M) | Time:00:00.01 | Mem:1.01M, Peak:1.01M | Visby GK | Martallar - original colours, ViewLayer | Updating Particle Systems
Fra:1 Mem:19.64M (Peak 21.15M) | Time:00:00.01 | Mem:1.01M, Peak:1.01M | Visby GK | Martallar - original colours, ViewLayer | Updating Particle Systems | Copying Particles to device
Fra:1 Mem:19.64M (Peak 21.15M) | Time:00:00.01 | Mem:1.01M, Peak:1.01M | Visby GK | Martallar - original colours, ViewLayer | Updating Meshes
Fra:1 Mem:19.64M (Peak 21.15M) | Time:00:00.01 | Mem:1.01M, Peak:1.01M | Visby GK | Martallar - original colours, ViewLayer | Updating Objects | Applying Static Transformations
Fra:1 Mem:19.64M (Peak 21.15M) | Time:00:00.01 | Mem:1.01M, Peak:1.01M | Visby GK | Martallar - original colours, ViewLayer | Updating Mesh | Computing attributes
Fra:1 Mem:20.02M (Peak 21.15M) | Time:00:00.01 | Mem:1.01M, Peak:1.01M | Visby GK | Martallar - original colours, ViewLayer | Updating Mesh | Copying Attributes to device
Fra:1 Mem:20.02M (Peak 21.15M) | Time:00:00.01 | Mem:1.39M, Peak:1.39M | Visby GK | Martallar - original colours, ViewLayer | Updating Scene BVH | Building
Fra:1 Mem:20.02M (Peak 21.15M) | Time:00:00.01 | Mem:1.39M, Peak:1.39M | Visby GK | Martallar - original colours, ViewLayer | Updating Scene BVH | Building BVH
Fra:1 Mem:20.02M (Peak 21.15M) | Time:00:00.01 | Mem:1.94M, Peak:1.94M | Visby GK | Martallar - original colours, ViewLayer | Updating Scene BVH | Building BVH 0%
Fra:1 Mem:20.02M (Peak 21.15M) | Time:00:00.02 | Mem:2.54M, Peak:3.09M | Visby GK | Martallar - original colours, ViewLayer | Updating Scene BVH | Copying BVH to device
Fra:1 Mem:20.02M (Peak 21.15M) | Time:00:00.02 | Mem:2.54M, Peak:3.09M | Visby GK | Martallar - original colours, ViewLayer | Updating Mesh | Computing normals
Fra:1 Mem:20.80M (Peak 21.15M) | Time:00:00.02 | Mem:2.54M, Peak:3.09M | Visby GK | Martallar - original colours, ViewLayer | Updating Mesh | Copying Mesh to device
Fra:1 Mem:20.80M (Peak 21.15M) | Time:00:00.02 | Mem:3.32M, Peak:3.32M | Visby GK | Martallar - original colours, ViewLayer | Updating Objects Flags
Fra:1 Mem:20.80M (Peak 21.15M) | Time:00:00.02 | Mem:3.32M, Peak:3.32M | Visby GK | Martallar - original colours, ViewLayer | Updating Primitive Offsets
Fra:1 Mem:20.80M (Peak 21.15M) | Time:00:00.02 | Mem:3.32M, Peak:3.32M | Visby GK | Martallar - original colours, ViewLayer | Updating Images
Fra:1 Mem:20.80M (Peak 21.15M) | Time:00:00.02 | Mem:3.32M, Peak:3.32M | Visby GK | Martallar - original colours, ViewLayer | Updating Camera Volume
Fra:1 Mem:20.80M (Peak 21.15M) | Time:00:00.02 | Mem:3.32M, Peak:3.32M | Visby GK | Martallar - original colours, ViewLayer | Updating Lookup Tables
Fra:1 Mem:20.80M (Peak 21.15M) | Time:00:00.02 | Mem:3.40M, Peak:3.40M | Visby GK | Martallar - original colours, ViewLayer | Updating Lights
Fra:1 Mem:20.80M (Peak 21.15M) | Time:00:00.02 | Mem:3.40M, Peak:3.40M | Visby GK | Martallar - original colours, ViewLayer | Updating Lights | Computing tree
Fra:1 Mem:22.44M (Peak 23.51M) | Time:00:00.05 | Mem:5.04M, Peak:5.04M | Visby GK | Martallar - original colours, ViewLayer | Updating Integrator
Fra:1 Mem:22.44M (Peak 23.51M) | Time:00:00.05 | Mem:5.04M, Peak:5.04M | Visby GK | Martallar - original colours, ViewLayer | Updating Film
Fra:1 Mem:22.44M (Peak 23.51M) | Time:00:00.05 | Mem:4.96M, Peak:5.04M | Visby GK | Martallar - original colours, ViewLayer | Updating Lookup Tables
Fra:1 Mem:22.44M (Peak 23.51M) | Time:00:00.05 | Mem:5.04M, Peak:5.04M | Visby GK | Martallar - original colours, ViewLayer | Updating Baking
Fra:1 Mem:22.44M (Peak 23.51M) | Time:00:00.05 | Mem:5.04M, Peak:5.04M | Visby GK | Martallar - original colours, ViewLayer | Updating Device | Writing constant memory
Fra:1 Mem:22.45M (Peak 23.51M) | Time:00:00.05 | Mem:5.04M, Peak:5.04M | Visby GK | Martallar - original colours, ViewLayer | Loading denoising kernels (may take a few minutes the first time)
Fra:1 Mem:22.45M (Peak 23.51M) | Time:00:00.05 | Mem:5.04M, Peak:5.04M | Visby GK | Martallar - original colours, ViewLayer | Sample 0/24
Fra:1 Mem:134.25M (Peak 134.25M) | Time:00:01.05 | Remaining:00:22.98 | Mem:116.67M, Peak:116.67M | Visby GK | Martallar - original colours, ViewLayer | Sample 1/24
Fra:1 Mem:181.25M (Peak 251.75M) | Time:00:29.07 | Mem:116.67M, Peak:116.67M | Visby GK | Martallar - original colours, ViewLayer | Sample 24/24
Fra:1 Mem:181.25M (Peak 251.75M) | Time:00:29.07 | Mem:116.67M, Peak:116.67M | Visby GK | Martallar - original colours, ViewLayer | Finished
Saved: 'C:\Users\olov_\repos\olovs-hemsida\docs\graphics\visby-martall-original-colours-2026-09-21\hero-reverse.png'
Time: 00:29.36 (Saving: 00:00.28)

Fra:1 Mem:17.81M (Peak 17.81M) | Time:00:00.00 | Mem:0.00M, Peak:0.00M | Visby GK | Martallar - original colours, ViewLayer | Synchronizing object | Study ground
Fra:1 Mem:17.81M (Peak 17.81M) | Time:00:00.00 | Mem:0.00M, Peak:0.00M | Visby GK | Martallar - original colours, ViewLayer | Synchronizing object | Vindpinad tall | trunk
Fra:1 Mem:17.81M (Peak 17.81M) | Time:00:00.00 | Mem:0.00M, Peak:0.00M | Visby GK | Martallar - original colours, ViewLayer | Synchronizing object | Krokig flerstammig martall | trunk
Fra:1 Mem:17.82M (Peak 17.82M) | Time:00:00.00 | Mem:0.00M, Peak:0.00M | Visby GK | Martallar - original colours, ViewLayer | Synchronizing object | Soft sun
Fra:1 Mem:19.18M (Peak 19.18M) | Time:00:00.01 | Mem:0.00M, Peak:0.00M | Visby GK | Martallar - original colours, ViewLayer | Initializing
Fra:1 Mem:19.14M (Peak 19.18M) | Time:00:00.01 | Mem:0.00M, Peak:0.00M | Visby GK | Martallar - original colours, ViewLayer | Updating Images | Loading 156f6f1e2bebc2f54dc51bb289c4199499f3027cf8a58dd983de7ae4966f048
Fra:1 Mem:19.55M (Peak 21.15M) | Time:00:00.01 | Mem:1.00M, Peak:1.00M | Visby GK | Martallar - original colours, ViewLayer | Waiting for render to start
Fra:1 Mem:19.55M (Peak 21.15M) | Time:00:00.01 | Mem:1.00M, Peak:1.00M | Visby GK | Martallar - original colours, ViewLayer | Updating Scene
Fra:1 Mem:19.55M (Peak 21.15M) | Time:00:00.01 | Mem:1.00M, Peak:1.00M | Visby GK | Martallar - original colours, ViewLayer | Updating Shaders
Fra:1 Mem:19.55M (Peak 21.15M) | Time:00:00.01 | Mem:1.00M, Peak:1.00M | Visby GK | Martallar - original colours, ViewLayer | Loading render kernels (may take a few minutes the first time)
Fra:1 Mem:19.63M (Peak 21.15M) | Time:00:00.01 | Mem:1.00M, Peak:1.00M | Visby GK | Martallar - original colours, ViewLayer | Updating Procedurals
Fra:1 Mem:19.63M (Peak 21.15M) | Time:00:00.01 | Mem:1.00M, Peak:1.00M | Visby GK | Martallar - original colours, ViewLayer | Updating Background
Fra:1 Mem:19.63M (Peak 21.15M) | Time:00:00.01 | Mem:1.00M, Peak:1.00M | Visby GK | Martallar - original colours, ViewLayer | Updating Camera
Fra:1 Mem:19.63M (Peak 21.15M) | Time:00:00.01 | Mem:1.00M, Peak:1.00M | Visby GK | Martallar - original colours, ViewLayer | Updating Meshes Flags
Fra:1 Mem:19.63M (Peak 21.15M) | Time:00:00.01 | Mem:1.00M, Peak:1.00M | Visby GK | Martallar - original colours, ViewLayer | Updating Objects
Fra:1 Mem:19.63M (Peak 21.15M) | Time:00:00.01 | Mem:1.00M, Peak:1.00M | Visby GK | Martallar - original colours, ViewLayer | Updating Objects | Copying Transformations to device
Fra:1 Mem:19.64M (Peak 21.15M) | Time:00:00.01 | Mem:1.01M, Peak:1.01M | Visby GK | Martallar - original colours, ViewLayer | Updating Particle Systems
Fra:1 Mem:19.64M (Peak 21.15M) | Time:00:00.01 | Mem:1.01M, Peak:1.01M | Visby GK | Martallar - original colours, ViewLayer | Updating Particle Systems | Copying Particles to device
Fra:1 Mem:19.64M (Peak 21.15M) | Time:00:00.01 | Mem:1.01M, Peak:1.01M | Visby GK | Martallar - original colours, ViewLayer | Updating Meshes
Fra:1 Mem:19.64M (Peak 21.15M) | Time:00:00.01 | Mem:1.01M, Peak:1.01M | Visby GK | Martallar - original colours, ViewLayer | Updating Objects | Applying Static Transformations
Fra:1 Mem:19.64M (Peak 21.15M) | Time:00:00.01 | Mem:1.01M, Peak:1.01M | Visby GK | Martallar - original colours, ViewLayer | Updating Mesh | Computing attributes
Fra:1 Mem:20.02M (Peak 21.15M) | Time:00:00.01 | Mem:1.01M, Peak:1.01M | Visby GK | Martallar - original colours, ViewLayer | Updating Mesh | Copying Attributes to device
Fra:1 Mem:20.02M (Peak 21.15M) | Time:00:00.01 | Mem:1.39M, Peak:1.39M | Visby GK | Martallar - original colours, ViewLayer | Updating Scene BVH | Building
Fra:1 Mem:20.02M (Peak 21.15M) | Time:00:00.01 | Mem:1.39M, Peak:1.39M | Visby GK | Martallar - original colours, ViewLayer | Updating Scene BVH | Building BVH
Fra:1 Mem:20.02M (Peak 21.15M) | Time:00:00.01 | Mem:1.94M, Peak:1.94M | Visby GK | Martallar - original colours, ViewLayer | Updating Scene BVH | Building BVH 0%
Fra:1 Mem:20.02M (Peak 21.15M) | Time:00:00.02 | Mem:2.54M, Peak:3.09M | Visby GK | Martallar - original colours, ViewLayer | Updating Scene BVH | Copying BVH to device
Fra:1 Mem:20.02M (Peak 21.15M) | Time:00:00.02 | Mem:2.54M, Peak:3.09M | Visby GK | Martallar - original colours, ViewLayer | Updating Mesh | Computing normals
Fra:1 Mem:20.80M (Peak 21.15M) | Time:00:00.02 | Mem:2.54M, Peak:3.09M | Visby GK | Martallar - original colours, ViewLayer | Updating Mesh | Copying Mesh to device
Fra:1 Mem:20.80M (Peak 21.15M) | Time:00:00.02 | Mem:3.32M, Peak:3.32M | Visby GK | Martallar - original colours, ViewLayer | Updating Objects Flags
Fra:1 Mem:20.80M (Peak 21.15M) | Time:00:00.02 | Mem:3.32M, Peak:3.32M | Visby GK | Martallar - original colours, ViewLayer | Updating Primitive Offsets
Fra:1 Mem:20.80M (Peak 21.15M) | Time:00:00.02 | Mem:3.32M, Peak:3.32M | Visby GK | Martallar - original colours, ViewLayer | Updating Images
Fra:1 Mem:20.80M (Peak 21.15M) | Time:00:00.02 | Mem:3.32M, Peak:3.32M | Visby GK | Martallar - original colours, ViewLayer | Updating Camera Volume
Fra:1 Mem:20.80M (Peak 21.15M) | Time:00:00.02 | Mem:3.32M, Peak:3.32M | Visby GK | Martallar - original colours, ViewLayer | Updating Lookup Tables
Fra:1 Mem:20.80M (Peak 21.15M) | Time:00:00.02 | Mem:3.40M, Peak:3.40M | Visby GK | Martallar - original colours, ViewLayer | Updating Lights
Fra:1 Mem:20.80M (Peak 21.15M) | Time:00:00.02 | Mem:3.40M, Peak:3.40M | Visby GK | Martallar - original colours, ViewLayer | Updating Lights | Computing tree
Fra:1 Mem:22.44M (Peak 23.51M) | Time:00:00.05 | Mem:5.04M, Peak:5.04M | Visby GK | Martallar - original colours, ViewLayer | Updating Integrator
Fra:1 Mem:22.44M (Peak 23.51M) | Time:00:00.05 | Mem:5.04M, Peak:5.04M | Visby GK | Martallar - original colours, ViewLayer | Updating Film
Fra:1 Mem:22.44M (Peak 23.51M) | Time:00:00.05 | Mem:4.96M, Peak:5.04M | Visby GK | Martallar - original colours, ViewLayer | Updating Lookup Tables
Fra:1 Mem:22.44M (Peak 23.51M) | Time:00:00.05 | Mem:5.04M, Peak:5.04M | Visby GK | Martallar - original colours, ViewLayer | Updating Baking
Fra:1 Mem:22.44M (Peak 23.51M) | Time:00:00.05 | Mem:5.04M, Peak:5.04M | Visby GK | Martallar - original colours, ViewLayer | Updating Device | Writing constant memory
Fra:1 Mem:22.45M (Peak 23.51M) | Time:00:00.05 | Mem:5.04M, Peak:5.04M | Visby GK | Martallar - original colours, ViewLayer | Loading denoising kernels (may take a few minutes the first time)
Fra:1 Mem:22.45M (Peak 23.51M) | Time:00:00.05 | Mem:5.04M, Peak:5.04M | Visby GK | Martallar - original colours, ViewLayer | Sample 0/24
Fra:1 Mem:134.25M (Peak 134.25M) | Time:00:00.97 | Remaining:00:21.29 | Mem:116.67M, Peak:116.67M | Visby GK | Martallar - original colours, ViewLayer | Sample 1/24
Fra:1 Mem:181.25M (Peak 251.75M) | Time:00:29.03 | Mem:116.67M, Peak:116.67M | Visby GK | Martallar - original colours, ViewLayer | Sample 24/24
Fra:1 Mem:181.25M (Peak 251.75M) | Time:00:29.03 | Mem:116.67M, Peak:116.67M | Visby GK | Martallar - original colours, ViewLayer | Finished
Saved: 'C:\Users\olov_\repos\olovs-hemsida\docs\graphics\visby-martall-original-colours-2026-09-21\variant-1.png'
Time: 00:29.84 (Saving: 00:00.77)

Fra:1 Mem:17.81M (Peak 17.81M) | Time:00:00.00 | Mem:0.00M, Peak:0.00M | Visby GK | Martallar - original colours, ViewLayer | Synchronizing object | Soft sun
Fra:1 Mem:17.81M (Peak 17.81M) | Time:00:00.00 | Mem:0.00M, Peak:0.00M | Visby GK | Martallar - original colours, ViewLayer | Synchronizing object | Öppen skärmtall | trunk
Fra:1 Mem:17.95M (Peak 17.95M) | Time:00:00.00 | Mem:0.00M, Peak:0.00M | Visby GK | Martallar - original colours, ViewLayer | Synchronizing object | Öppen skärmtall | crown
Fra:1 Mem:18.15M (Peak 18.15M) | Time:00:00.00 | Mem:0.00M, Peak:0.00M | Visby GK | Martallar - original colours, ViewLayer | Synchronizing object | Låg kustmartall | trunk
Fra:1 Mem:18.26M (Peak 18.26M) | Time:00:00.00 | Mem:0.00M, Peak:0.00M | Visby GK | Martallar - original colours, ViewLayer | Synchronizing object | Låg kustmartall | crown
Fra:1 Mem:18.51M (Peak 18.51M) | Time:00:00.00 | Mem:0.00M, Peak:0.00M | Visby GK | Martallar - original colours, ViewLayer | Synchronizing object | Krokig flerstammig martall | trunk
Fra:1 Mem:18.67M (Peak 18.67M) | Time:00:00.00 | Mem:0.00M, Peak:0.00M | Visby GK | Martallar - original colours, ViewLayer | Synchronizing object | Krokig flerstammig martall | crown
Fra:1 Mem:18.85M (Peak 18.85M) | Time:00:00.00 | Mem:0.00M, Peak:0.00M | Visby GK | Martallar - original colours, ViewLayer | Synchronizing object | Vindpinad tall | trunk
Fra:1 Mem:19.00M (Peak 19.00M) | Time:00:00.00 | Mem:0.00M, Peak:0.00M | Visby GK | Martallar - original colours, ViewLayer | Synchronizing object | Vindpinad tall | crown
Fra:1 Mem:19.18M (Peak 19.18M) | Time:00:00.00 | Mem:0.00M, Peak:0.00M | Visby GK | Martallar - original colours, ViewLayer | Synchronizing object | Study ground
Fra:1 Mem:19.18M (Peak 19.18M) | Time:00:00.00 | Mem:0.00M, Peak:0.00M | Visby GK | Martallar - original colours, ViewLayer | Initializing
Fra:1 Mem:19.14M (Peak 19.18M) | Time:00:00.00 | Mem:0.00M, Peak:0.00M | Visby GK | Martallar - original colours, ViewLayer | Updating Images | Loading 156f6f1e2bebc2f54dc51bb289c4199499f3027cf8a58dd983de7ae4966f048
Fra:1 Mem:19.55M (Peak 21.15M) | Time:00:00.08 | Mem:1.00M, Peak:1.00M | Visby GK | Martallar - original colours, ViewLayer | Waiting for render to start
Fra:1 Mem:19.55M (Peak 21.15M) | Time:00:00.08 | Mem:1.00M, Peak:1.00M | Visby GK | Martallar - original colours, ViewLayer | Updating Scene
Fra:1 Mem:19.55M (Peak 21.15M) | Time:00:00.08 | Mem:1.00M, Peak:1.00M | Visby GK | Martallar - original colours, ViewLayer | Updating Shaders
Fra:1 Mem:19.55M (Peak 21.15M) | Time:00:00.08 | Mem:1.00M, Peak:1.00M | Visby GK | Martallar - original colours, ViewLayer | Loading render kernels (may take a few minutes the first time)
Fra:1 Mem:19.63M (Peak 21.15M) | Time:00:00.08 | Mem:1.00M, Peak:1.00M | Visby GK | Martallar - original colours, ViewLayer | Updating Procedurals
Fra:1 Mem:19.63M (Peak 21.15M) | Time:00:00.08 | Mem:1.00M, Peak:1.00M | Visby GK | Martallar - original colours, ViewLayer | Updating Background
Fra:1 Mem:19.63M (Peak 21.15M) | Time:00:00.08 | Mem:1.00M, Peak:1.00M | Visby GK | Martallar - original colours, ViewLayer | Updating Camera
Fra:1 Mem:19.63M (Peak 21.15M) | Time:00:00.08 | Mem:1.00M, Peak:1.00M | Visby GK | Martallar - original colours, ViewLayer | Updating Meshes Flags
Fra:1 Mem:19.63M (Peak 21.15M) | Time:00:00.08 | Mem:1.00M, Peak:1.00M | Visby GK | Martallar - original colours, ViewLayer | Updating Objects
Fra:1 Mem:19.63M (Peak 21.15M) | Time:00:00.08 | Mem:1.00M, Peak:1.00M | Visby GK | Martallar - original colours, ViewLayer | Updating Objects | Copying Transformations to device
Fra:1 Mem:19.64M (Peak 21.15M) | Time:00:00.08 | Mem:1.01M, Peak:1.01M | Visby GK | Martallar - original colours, ViewLayer | Updating Particle Systems
Fra:1 Mem:19.64M (Peak 21.15M) | Time:00:00.08 | Mem:1.01M, Peak:1.01M | Visby GK | Martallar - original colours, ViewLayer | Updating Particle Systems | Copying Particles to device
Fra:1 Mem:19.64M (Peak 21.15M) | Time:00:00.08 | Mem:1.01M, Peak:1.01M | Visby GK | Martallar - original colours, ViewLayer | Updating Meshes
Fra:1 Mem:19.64M (Peak 21.15M) | Time:00:00.08 | Mem:1.01M, Peak:1.01M | Visby GK | Martallar - original colours, ViewLayer | Updating Objects | Applying Static Transformations
Fra:1 Mem:19.64M (Peak 21.15M) | Time:00:00.08 | Mem:1.01M, Peak:1.01M | Visby GK | Martallar - original colours, ViewLayer | Updating Mesh | Computing attributes
Fra:1 Mem:20.02M (Peak 21.15M) | Time:00:00.08 | Mem:1.01M, Peak:1.01M | Visby GK | Martallar - original colours, ViewLayer | Updating Mesh | Copying Attributes to device
Fra:1 Mem:20.02M (Peak 21.15M) | Time:00:00.08 | Mem:1.39M, Peak:1.39M | Visby GK | Martallar - original colours, ViewLayer | Updating Scene BVH | Building
Fra:1 Mem:20.02M (Peak 21.15M) | Time:00:00.08 | Mem:1.39M, Peak:1.39M | Visby GK | Martallar - original colours, ViewLayer | Updating Scene BVH | Building BVH
Fra:1 Mem:20.02M (Peak 21.15M) | Time:00:00.08 | Mem:1.94M, Peak:1.94M | Visby GK | Martallar - original colours, ViewLayer | Updating Scene BVH | Building BVH 0%
Fra:1 Mem:20.02M (Peak 21.15M) | Time:00:00.09 | Mem:2.54M, Peak:3.09M | Visby GK | Martallar - original colours, ViewLayer | Updating Scene BVH | Copying BVH to device
Fra:1 Mem:20.02M (Peak 21.15M) | Time:00:00.09 | Mem:2.54M, Peak:3.09M | Visby GK | Martallar - original colours, ViewLayer | Updating Mesh | Computing normals
Fra:1 Mem:20.80M (Peak 21.15M) | Time:00:00.09 | Mem:2.54M, Peak:3.09M | Visby GK | Martallar - original colours, ViewLayer | Updating Mesh | Copying Mesh to device
Fra:1 Mem:20.80M (Peak 21.15M) | Time:00:00.09 | Mem:3.32M, Peak:3.32M | Visby GK | Martallar - original colours, ViewLayer | Updating Objects Flags
Fra:1 Mem:20.80M (Peak 21.15M) | Time:00:00.09 | Mem:3.32M, Peak:3.32M | Visby GK | Martallar - original colours, ViewLayer | Updating Primitive Offsets
Fra:1 Mem:20.80M (Peak 21.15M) | Time:00:00.09 | Mem:3.32M, Peak:3.32M | Visby GK | Martallar - original colours, ViewLayer | Updating Images
Fra:1 Mem:20.80M (Peak 21.15M) | Time:00:00.09 | Mem:3.32M, Peak:3.32M | Visby GK | Martallar - original colours, ViewLayer | Updating Camera Volume
Fra:1 Mem:20.80M (Peak 21.15M) | Time:00:00.09 | Mem:3.32M, Peak:3.32M | Visby GK | Martallar - original colours, ViewLayer | Updating Lookup Tables
Fra:1 Mem:20.80M (Peak 21.15M) | Time:00:00.09 | Mem:3.40M, Peak:3.40M | Visby GK | Martallar - original colours, ViewLayer | Updating Lights
Fra:1 Mem:20.80M (Peak 21.15M) | Time:00:00.09 | Mem:3.40M, Peak:3.40M | Visby GK | Martallar - original colours, ViewLayer | Updating Lights | Computing tree
Fra:1 Mem:22.44M (Peak 23.51M) | Time:00:00.15 | Mem:5.04M, Peak:5.04M | Visby GK | Martallar - original colours, ViewLayer | Updating Integrator
Fra:1 Mem:22.44M (Peak 23.51M) | Time:00:00.15 | Mem:5.04M, Peak:5.04M | Visby GK | Martallar - original colours, ViewLayer | Updating Film
Fra:1 Mem:22.44M (Peak 23.51M) | Time:00:00.15 | Mem:4.96M, Peak:5.04M | Visby GK | Martallar - original colours, ViewLayer | Updating Lookup Tables
Fra:1 Mem:22.44M (Peak 23.51M) | Time:00:00.15 | Mem:5.04M, Peak:5.04M | Visby GK | Martallar - original colours, ViewLayer | Updating Baking
Fra:1 Mem:22.44M (Peak 23.51M) | Time:00:00.15 | Mem:5.04M, Peak:5.04M | Visby GK | Martallar - original colours, ViewLayer | Updating Device | Writing constant memory
Fra:1 Mem:22.45M (Peak 23.51M) | Time:00:00.15 | Mem:5.04M, Peak:5.04M | Visby GK | Martallar - original colours, ViewLayer | Loading denoising kernels (may take a few minutes the first time)
Fra:1 Mem:22.45M (Peak 23.51M) | Time:00:00.15 | Mem:5.04M, Peak:5.04M | Visby GK | Martallar - original colours, ViewLayer | Sample 0/24
Fra:1 Mem:134.25M (Peak 134.25M) | Time:00:01.46 | Remaining:00:30.27 | Mem:116.67M, Peak:116.67M | Visby GK | Martallar - original colours, ViewLayer | Sample 1/24
Fra:1 Mem:134.25M (Peak 134.25M) | Time:00:17.08 | Remaining:00:06.97 | Mem:116.67M, Peak:116.67M | Visby GK | Martallar - original colours, ViewLayer | Sample 17/24
Fra:1 Mem:181.25M (Peak 251.75M) | Time:00:37.18 | Mem:116.67M, Peak:116.67M | Visby GK | Martallar - original colours, ViewLayer | Sample 24/24
Fra:1 Mem:181.25M (Peak 251.75M) | Time:00:37.18 | Mem:116.67M, Peak:116.67M | Visby GK | Martallar - original colours, ViewLayer | Finished
Saved: 'C:\Users\olov_\repos\olovs-hemsida\docs\graphics\visby-martall-original-colours-2026-09-21\variant-2.png'
Time: 00:38.21 (Saving: 00:00.60)

Fra:1 Mem:17.81M (Peak 17.81M) | Time:00:00.00 | Mem:0.00M, Peak:0.00M | Visby GK | Martallar - original colours, ViewLayer | Synchronizing object | Soft sun
Fra:1 Mem:17.81M (Peak 17.81M) | Time:00:00.00 | Mem:0.00M, Peak:0.00M | Visby GK | Martallar - original colours, ViewLayer | Synchronizing object | Öppen skärmtall | trunk
Fra:1 Mem:17.95M (Peak 17.95M) | Time:00:00.00 | Mem:0.00M, Peak:0.00M | Visby GK | Martallar - original colours, ViewLayer | Synchronizing object | Öppen skärmtall | crown
Fra:1 Mem:18.05M (Peak 18.05M) | Time:00:00.00 | Mem:0.00M, Peak:0.00M | Visby GK | Martallar - original colours, ViewLayer | Synchronizing object | Study ground
Fra:1 Mem:18.21M (Peak 18.21M) | Time:00:00.00 | Mem:0.00M, Peak:0.00M | Visby GK | Martallar - original colours, ViewLayer | Synchronizing object | Vindpinad tall | crown
Fra:1 Mem:18.15M (Peak 18.21M) | Time:00:00.00 | Mem:0.00M, Peak:0.00M | Visby GK | Martallar - original colours, ViewLayer | Synchronizing object | Låg kustmartall | trunk
Fra:1 Mem:18.45M (Peak 18.45M) | Time:00:00.00 | Mem:0.00M, Peak:0.00M | Visby GK | Martallar - original colours, ViewLayer | Synchronizing object | Låg kustmartall | crown
Fra:1 Mem:18.69M (Peak 18.69M) | Time:00:00.00 | Mem:0.00M, Peak:0.00M | Visby GK | Martallar - original colours, ViewLayer | Synchronizing object | Vindpinad tall | trunk
Fra:1 Mem:18.84M (Peak 18.84M) | Time:00:00.00 | Mem:0.00M, Peak:0.00M | Visby GK | Martallar - original colours, ViewLayer | Synchronizing object | Krokig flerstammig martall | trunk
Fra:1 Mem:19.01M (Peak 19.01M) | Time:00:00.01 | Mem:0.00M, Peak:0.00M | Visby GK | Martallar - original colours, ViewLayer | Synchronizing object | Krokig flerstammig martall | crown
Fra:1 Mem:19.18M (Peak 19.18M) | Time:00:00.01 | Mem:0.00M, Peak:0.00M | Visby GK | Martallar - original colours, ViewLayer | Initializing
Fra:1 Mem:19.14M (Peak 19.18M) | Time:00:00.01 | Mem:0.00M, Peak:0.00M | Visby GK | Martallar - original colours, ViewLayer | Updating Images | Loading 156f6f1e2bebc2f54dc51bb289c4199499f3027cf8a58dd983de7ae4966f048
Fra:1 Mem:19.55M (Peak 21.15M) | Time:00:00.15 | Mem:1.00M, Peak:1.00M | Visby GK | Martallar - original colours, ViewLayer | Waiting for render to start
Fra:1 Mem:19.55M (Peak 21.15M) | Time:00:00.15 | Mem:1.00M, Peak:1.00M | Visby GK | Martallar - original colours, ViewLayer | Updating Scene
Fra:1 Mem:19.55M (Peak 21.15M) | Time:00:00.15 | Mem:1.00M, Peak:1.00M | Visby GK | Martallar - original colours, ViewLayer | Updating Shaders
Fra:1 Mem:19.55M (Peak 21.15M) | Time:00:00.15 | Mem:1.00M, Peak:1.00M | Visby GK | Martallar - original colours, ViewLayer | Loading render kernels (may take a few minutes the first time)
Fra:1 Mem:19.63M (Peak 21.15M) | Time:00:00.15 | Mem:1.00M, Peak:1.00M | Visby GK | Martallar - original colours, ViewLayer | Updating Procedurals
Fra:1 Mem:19.63M (Peak 21.15M) | Time:00:00.15 | Mem:1.00M, Peak:1.00M | Visby GK | Martallar - original colours, ViewLayer | Updating Background
Fra:1 Mem:19.63M (Peak 21.15M) | Time:00:00.15 | Mem:1.00M, Peak:1.00M | Visby GK | Martallar - original colours, ViewLayer | Updating Camera
Fra:1 Mem:19.63M (Peak 21.15M) | Time:00:00.15 | Mem:1.00M, Peak:1.00M | Visby GK | Martallar - original colours, ViewLayer | Updating Meshes Flags
Fra:1 Mem:19.63M (Peak 21.15M) | Time:00:00.15 | Mem:1.00M, Peak:1.00M | Visby GK | Martallar - original colours, ViewLayer | Updating Objects
Fra:1 Mem:19.63M (Peak 21.15M) | Time:00:00.15 | Mem:1.00M, Peak:1.00M | Visby GK | Martallar - original colours, ViewLayer | Updating Objects | Copying Transformations to device
Fra:1 Mem:19.64M (Peak 21.15M) | Time:00:00.15 | Mem:1.01M, Peak:1.01M | Visby GK | Martallar - original colours, ViewLayer | Updating Particle Systems
Fra:1 Mem:19.64M (Peak 21.15M) | Time:00:00.15 | Mem:1.01M, Peak:1.01M | Visby GK | Martallar - original colours, ViewLayer | Updating Particle Systems | Copying Particles to device
Fra:1 Mem:19.64M (Peak 21.15M) | Time:00:00.15 | Mem:1.01M, Peak:1.01M | Visby GK | Martallar - original colours, ViewLayer | Updating Meshes
Fra:1 Mem:19.64M (Peak 21.15M) | Time:00:00.15 | Mem:1.01M, Peak:1.01M | Visby GK | Martallar - original colours, ViewLayer | Updating Objects | Applying Static Transformations
Fra:1 Mem:19.64M (Peak 21.15M) | Time:00:00.15 | Mem:1.01M, Peak:1.01M | Visby GK | Martallar - original colours, ViewLayer | Updating Mesh | Computing attributes
Fra:1 Mem:20.02M (Peak 21.15M) | Time:00:00.15 | Mem:1.01M, Peak:1.01M | Visby GK | Martallar - original colours, ViewLayer | Updating Mesh | Copying Attributes to device
Fra:1 Mem:20.02M (Peak 21.15M) | Time:00:00.15 | Mem:1.39M, Peak:1.39M | Visby GK | Martallar - original colours, ViewLayer | Updating Scene BVH | Building
Fra:1 Mem:20.02M (Peak 21.15M) | Time:00:00.15 | Mem:1.39M, Peak:1.39M | Visby GK | Martallar - original colours, ViewLayer | Updating Scene BVH | Building BVH
Fra:1 Mem:20.02M (Peak 21.15M) | Time:00:00.15 | Mem:1.94M, Peak:1.94M | Visby GK | Martallar - original colours, ViewLayer | Updating Scene BVH | Building BVH 0%
Fra:1 Mem:20.02M (Peak 21.15M) | Time:00:00.42 | Mem:2.54M, Peak:3.09M | Visby GK | Martallar - original colours, ViewLayer | Updating Scene BVH | Copying BVH to device
Fra:1 Mem:20.02M (Peak 21.15M) | Time:00:00.42 | Mem:2.54M, Peak:3.09M | Visby GK | Martallar - original colours, ViewLayer | Updating Mesh | Computing normals
Fra:1 Mem:20.80M (Peak 21.15M) | Time:00:00.47 | Mem:2.54M, Peak:3.09M | Visby GK | Martallar - original colours, ViewLayer | Updating Mesh | Copying Mesh to device
Fra:1 Mem:20.80M (Peak 21.15M) | Time:00:00.47 | Mem:3.32M, Peak:3.32M | Visby GK | Martallar - original colours, ViewLayer | Updating Objects Flags
Fra:1 Mem:20.80M (Peak 21.15M) | Time:00:00.47 | Mem:3.32M, Peak:3.32M | Visby GK | Martallar - original colours, ViewLayer | Updating Primitive Offsets
Fra:1 Mem:20.80M (Peak 21.15M) | Time:00:00.47 | Mem:3.32M, Peak:3.32M | Visby GK | Martallar - original colours, ViewLayer | Updating Images
Fra:1 Mem:20.80M (Peak 21.15M) | Time:00:00.47 | Mem:3.32M, Peak:3.32M | Visby GK | Martallar - original colours, ViewLayer | Updating Camera Volume
Fra:1 Mem:20.80M (Peak 21.15M) | Time:00:00.47 | Mem:3.32M, Peak:3.32M | Visby GK | Martallar - original colours, ViewLayer | Updating Lookup Tables
Fra:1 Mem:20.80M (Peak 21.15M) | Time:00:00.47 | Mem:3.40M, Peak:3.40M | Visby GK | Martallar - original colours, ViewLayer | Updating Lights
Fra:1 Mem:20.80M (Peak 21.15M) | Time:00:00.47 | Mem:3.40M, Peak:3.40M | Visby GK | Martallar - original colours, ViewLayer | Updating Lights | Computing tree
Fra:1 Mem:22.44M (Peak 23.51M) | Time:00:00.65 | Mem:5.04M, Peak:5.04M | Visby GK | Martallar - original colours, ViewLayer | Updating Integrator
Fra:1 Mem:22.44M (Peak 23.51M) | Time:00:00.65 | Mem:5.04M, Peak:5.04M | Visby GK | Martallar - original colours, ViewLayer | Updating Film
Fra:1 Mem:22.44M (Peak 23.51M) | Time:00:00.65 | Mem:4.96M, Peak:5.04M | Visby GK | Martallar - original colours, ViewLayer | Updating Lookup Tables
Fra:1 Mem:22.44M (Peak 23.51M) | Time:00:00.65 | Mem:5.04M, Peak:5.04M | Visby GK | Martallar - original colours, ViewLayer | Updating Baking
Fra:1 Mem:22.44M (Peak 23.51M) | Time:00:00.65 | Mem:5.04M, Peak:5.04M | Visby GK | Martallar - original colours, ViewLayer | Updating Device | Writing constant memory
Fra:1 Mem:22.45M (Peak 23.51M) | Time:00:00.65 | Mem:5.04M, Peak:5.04M | Visby GK | Martallar - original colours, ViewLayer | Loading denoising kernels (may take a few minutes the first time)
Fra:1 Mem:22.45M (Peak 23.51M) | Time:00:00.65 | Mem:5.04M, Peak:5.04M | Visby GK | Martallar - original colours, ViewLayer | Sample 0/24
Fra:1 Mem:134.25M (Peak 134.25M) | Time:00:02.74 | Remaining:00:48.06 | Mem:116.67M, Peak:116.67M | Visby GK | Martallar - original colours, ViewLayer | Sample 1/24
Fra:1 Mem:134.25M (Peak 134.25M) | Time:00:30.39 | Remaining:00:12.24 | Mem:116.67M, Peak:116.67M | Visby GK | Martallar - original colours, ViewLayer | Sample 17/24
Fra:1 Mem:181.25M (Peak 251.75M) | Time:00:57.18 | Mem:116.67M, Peak:116.67M | Visby GK | Martallar - original colours, ViewLayer | Sample 24/24
Fra:1 Mem:181.25M (Peak 251.75M) | Time:00:57.18 | Mem:116.67M, Peak:116.67M | Visby GK | Martallar - original colours, ViewLayer | Finished
Saved: 'C:\Users\olov_\repos\olovs-hemsida\docs\graphics\visby-martall-original-colours-2026-09-21\variant-3.png'
Time: 00:57.44 (Saving: 00:00.24)

Info: Saved as "visby-coastal-pines.blend"
VISBY_PINE_COMPLETE

Blender quit
