vite v8.2.2 building client environment for production...
transforming...

/fonts/fonts.css doesn't exist at build time, it will remain unchanged to be resolved at runtime
✓ 215 modules transformed.
rendering chunks...
computing gzip size...
output/tree-commit-build-932e9715/registerSW.js                                           0.13 kB
output/tree-commit-build-932e9715/manifest.webmanifest                                    0.54 kB
output/tree-commit-build-932e9715/foliage-study.html                                      4.67 kB │ gzip:   1.92 kB
output/tree-commit-build-932e9715/tree-study.html                                         5.17 kB │ gzip:   2.13 kB
output/tree-commit-build-932e9715/assets/chunk-worker-entry-B_RiWnZ7.js                  40.21 kB
output/tree-commit-build-932e9715/index.html                                             47.26 kB │ gzip:  12.83 kB
output/tree-commit-build-932e9715/assets/main-BNYkWHb_.css                                3.39 kB │ gzip:   1.14 kB
output/tree-commit-build-932e9715/assets/course-preview-C-9BI6FL.css                      5.03 kB │ gzip:   1.70 kB
output/tree-commit-build-932e9715/assets/map-vh-t_kPv.css                                15.09 kB │ gzip:   6.36 kB
output/tree-commit-build-932e9715/assets/rail-DxEnkMi2.css                               22.71 kB │ gzip:   5.14 kB
output/tree-commit-build-932e9715/assets/GLTFLoader-CexeXnSb.js                           0.06 kB │ gzip:   0.07 kB
output/tree-commit-build-932e9715/assets/ghibli-trees-Cu0Efxzd.js                         0.07 kB │ gzip:   0.08 kB
output/tree-commit-build-932e9715/assets/v2-terrain-batch-DVtI9he5.js                     0.08 kB │ gzip:   0.09 kB
output/tree-commit-build-932e9715/assets/authored-buildings-Bgm4pUx0.js                   0.08 kB │ gzip:   0.09 kB
output/tree-commit-build-932e9715/assets/v2-terrain-runtime-Ele8K9kh.js                   0.08 kB │ gzip:   0.09 kB
output/tree-commit-build-932e9715/assets/three.webgpu-BJeOUIF3.js                         0.10 kB │ gzip:   0.10 kB
output/tree-commit-build-932e9715/assets/norrfallsviken-ocean-source-Ccgm8a2B.js          0.39 kB │ gzip:   0.28 kB
output/tree-commit-build-932e9715/assets/johannesberg-D_kpICgr.js                         0.55 kB │ gzip:   0.33 kB
output/tree-commit-build-932e9715/assets/descriptor-integrity-BRzkgOXG.js                 0.65 kB │ gzip:   0.42 kB
output/tree-commit-build-932e9715/assets/modulepreload-polyfill-P2Xu9kJm.js               0.67 kB │ gzip:   0.38 kB
output/tree-commit-build-932e9715/assets/rolldown-runtime-hePW80VL.js                     0.71 kB │ gzip:   0.42 kB
output/tree-commit-build-932e9715/assets/router-CvxtqfP8.js                               0.78 kB │ gzip:   0.40 kB
output/tree-commit-build-932e9715/assets/hub-ChxvNYN_.js                                  0.80 kB │ gzip:   0.52 kB
output/tree-commit-build-932e9715/assets/preload-helper-Czpn1I53.js                       1.19 kB │ gzip:   0.67 kB
output/tree-commit-build-932e9715/assets/course-previews-z2p367Gd.js                      1.24 kB │ gzip:   0.62 kB
output/tree-commit-build-932e9715/assets/app-Cq7ZahB0.js                                  1.37 kB │ gzip:   0.68 kB
output/tree-commit-build-932e9715/assets/puttom-ub2gj6ZU.js                               1.49 kB │ gzip:   0.62 kB
output/tree-commit-build-932e9715/assets/http-BPwmuz59.js                                 1.58 kB │ gzip:   0.77 kB
output/tree-commit-build-932e9715/assets/norrfallsviken-coastal-surfaces-BDEjNu2Y.js      1.80 kB │ gzip:   1.09 kB
output/tree-commit-build-932e9715/assets/surface-CWHik6JE.js                              2.26 kB │ gzip:   1.09 kB
output/tree-commit-build-932e9715/assets/geom-BrwqqLR-.js                                 2.31 kB │ gzip:   1.05 kB
output/tree-commit-build-932e9715/assets/ring-index-Cz_ZN3Q5.js                           2.52 kB │ gzip:   1.16 kB
output/tree-commit-build-932e9715/assets/geodetic-frame-B8Sphb5Q.js                       2.70 kB │ gzip:   1.31 kB
output/tree-commit-build-932e9715/assets/angso-DyQ1ZLXp.js                                2.90 kB │ gzip:   1.50 kB
output/tree-commit-build-932e9715/assets/cache-BbreUVdl.js                                3.02 kB │ gzip:   1.19 kB
output/tree-commit-build-932e9715/assets/v2-stream-probe-run-GagZMf1e.js                  4.24 kB │ gzip:   1.75 kB
output/tree-commit-build-932e9715/assets/BufferGeometryUtils-C09S7KwG.js                  4.75 kB │ gzip:   1.39 kB
output/tree-commit-build-932e9715/assets/source-ocean-bOdsTebR.js                         4.98 kB │ gzip:   2.36 kB
output/tree-commit-build-932e9715/assets/surface-sdf-grid-DI2Y5T-y.js                     5.73 kB │ gzip:   1.85 kB
output/tree-commit-build-932e9715/assets/BloomNode-DfZfsZ0G.js                            6.06 kB │ gzip:   1.87 kB
output/tree-commit-build-932e9715/assets/terrain-render-data-DW1Tn4fZ.js                  6.14 kB │ gzip:   2.57 kB
output/tree-commit-build-932e9715/assets/v2-surface-preview-loader-BIBsJP6R.js            6.32 kB │ gzip:   2.47 kB
output/tree-commit-build-932e9715/assets/v2-graph-source-BhuJYq0z.js                      6.43 kB │ gzip:   2.46 kB
output/tree-commit-build-932e9715/assets/lidingo-environment-water-DbdyeLoz.js            6.54 kB │ gzip:   2.99 kB
output/tree-commit-build-932e9715/assets/ghibli-trees-M6mbkoDD.js                         6.84 kB │ gzip:   3.01 kB
output/tree-commit-build-932e9715/assets/v2-vegetation-cOkR6X81.js                        6.98 kB │ gzip:   3.13 kB
output/tree-commit-build-932e9715/assets/authored-buildings-CBPATSkI.js                   7.16 kB │ gzip:   2.99 kB
output/tree-commit-build-932e9715/assets/continuous-ocean-DCF2LopW.js                     7.25 kB │ gzip:   3.23 kB
output/tree-commit-build-932e9715/assets/v2-terrain-preview-loader-B1Txq06X.js            7.30 kB │ gzip:   2.75 kB
output/tree-commit-build-932e9715/assets/foliage-CM_eVMTI.js                              7.40 kB │ gzip:   3.56 kB
output/tree-commit-build-932e9715/assets/v2-water-bed-CNBigzB4.js                         8.01 kB │ gzip:   3.35 kB
output/tree-commit-build-932e9715/assets/johannesberg-facilities-C4TaR7OC.js              8.25 kB │ gzip:   3.40 kB
output/tree-commit-build-932e9715/assets/upsala-CC4unVvp.js                               8.27 kB │ gzip:   3.30 kB
output/tree-commit-build-932e9715/assets/icons-D34DfW1X.js                                8.29 kB │ gzip:   1.35 kB
output/tree-commit-build-932e9715/assets/visby-facilities-BgRmydHu.js                     8.61 kB │ gzip:   3.59 kB
output/tree-commit-build-932e9715/assets/ribbingsfors-facilities-B62-Ht8P.js              9.33 kB │ gzip:   3.79 kB
output/tree-commit-build-932e9715/assets/course-preview-nHNp6d9n.js                       9.48 kB │ gzip:   4.04 kB
output/tree-commit-build-932e9715/assets/v2-surface-preview-atlas-C-WVPF43.js             9.60 kB │ gzip:   3.62 kB
output/tree-commit-build-932e9715/assets/lidingo-facilities-B67JNddw.js                  10.56 kB │ gzip:   4.15 kB
output/tree-commit-build-932e9715/assets/three.tsl-BxVlQ1ZM.js                           11.10 kB │ gzip:   3.94 kB
output/tree-commit-build-932e9715/assets/puttom-facilities-gun7mio7.js                   11.25 kB │ gzip:   4.47 kB
output/tree-commit-build-932e9715/assets/v2-graph-frontier-Blj0JmQ0.js                   11.29 kB │ gzip:   4.24 kB
output/tree-commit-build-932e9715/assets/rail-CWN7QKBX.js                                11.63 kB │ gzip:   4.40 kB
output/tree-commit-build-932e9715/assets/angso-facilities-DCfDlnI2.js                    11.70 kB │ gzip:   4.68 kB
output/tree-commit-build-932e9715/assets/v2-terrain-batch-B4GfOSnG.js                    13.17 kB │ gzip:   4.65 kB
output/tree-commit-build-932e9715/assets/visby-CrfPFvXr.js                               16.56 kB │ gzip:   4.65 kB
output/tree-commit-build-932e9715/assets/OrbitControls-ooX-_r9Z.js                       19.85 kB │ gzip:   4.40 kB
output/tree-commit-build-932e9715/assets/lidingo-Cfp2ZK8N.js                             22.99 kB │ gzip:   8.45 kB
output/tree-commit-build-932e9715/assets/ribbingsfors-CCK9aTKx.js                        23.27 kB │ gzip:   5.29 kB
output/tree-commit-build-932e9715/assets/v2-graph-terrain-Dcqc4fNV.js                    23.81 kB │ gzip:   8.00 kB
output/tree-commit-build-932e9715/assets/tortuna-DZqChilO.js                             24.78 kB │ gzip:   8.41 kB
output/tree-commit-build-932e9715/assets/veckefjarden-1Orx0X5e.js                        29.18 kB │ gzip:  12.28 kB
output/tree-commit-build-932e9715/assets/v2-terrain-runtime-Cj2m2gpc.js                  30.21 kB │ gzip:   9.70 kB
output/tree-commit-build-932e9715/assets/decode-web-C7QxAdd9.js                          34.41 kB │ gzip:   9.24 kB
output/tree-commit-build-932e9715/assets/GLTFLoader-oX9oUyCt.js                          44.33 kB │ gzip:  13.19 kB
output/tree-commit-build-932e9715/assets/map-hJFfJ_dO.js                                156.43 kB │ gzip:  46.57 kB
output/tree-commit-build-932e9715/assets/norrfallsviken-Crj8K2RW.js                     174.96 kB │ gzip:  47.17 kB
output/tree-commit-build-932e9715/assets/study-LuhVZmXp.js                              357.03 kB │ gzip:  86.97 kB
output/tree-commit-build-932e9715/assets/three.core-DJ_dmd1X.js                         377.55 kB │ gzip: 100.72 kB
output/tree-commit-build-932e9715/assets/main-DSDLDWjH.js                               424.16 kB │ gzip: 156.19 kB
output/tree-commit-build-932e9715/assets/three.webgpu-BS7YLu3N.js                       706.57 kB │ gzip: 197.81 kB
output/tree-commit-build-932e9715/assets/upsala-authored-meshes-BXG6-qji.js           1,239.22 kB │ gzip: 252.84 kB

✓ built in 12.26s
[plugin builtin:vite-reporter] 
(!) Some chunks are larger than 500 kB after minification. Consider:
- Using dynamic import() to code-split the application
- Use build.rolldownOptions.output.codeSplitting to improve chunking: https://rolldown.rs/reference/OutputOptions.codeSplitting
- Adjust chunk size limit for this warning via build.chunkSizeWarningLimit.

PWA v1.3.0
mode      generateSW
precache  65 entries (3829.79 KiB)
files generated
  ../../output/tree-commit-build-932e9715/sw.js
  ../../output/tree-commit-build-932e9715/workbox-5b3f2944.js
warnings
  One of the glob patterns doesn't match any files. Please remove or fix the following: {
  "globDirectory": "C:\\Users\\olov_\\repos\\olovs-hemsida\\output\\tree-commit-build-932e9715",
  "globPattern": "icons/*.png",
  "globIgnores": [
    "assets/v2-terrain-*.js",
    "assets/v2-graph-terrain-*.js",
    "assets/v2-surface-preview-*.js",
    "assets/v2-graph-source-*.js",
    "assets/v2-stream-probe-*.js",
    "assets/chunk-worker-*.js",
    "assets/terrain-render-data-*.js",
    "assets/surface-grid-*.js",
    "assets/surface-sdf-grid-*.js",
    "assets/decode-web-*.js",
    "assets/v2-vegetation-*.js",
    "assets/stand-field-*.js",
    "assets/ghibli-trees-*.js",
    "sw.js",
    "workbox-*.js"
  ]
}
  One of the glob patterns doesn't match any files. Please remove or fix the following: {
  "globDirectory": "C:\\Users\\olov_\\repos\\olovs-hemsida\\output\\tree-commit-build-932e9715",
  "globPattern": "fonts/**",
  "globIgnores": [
    "assets/v2-terrain-*.js",
    "assets/v2-graph-terrain-*.js",
    "assets/v2-surface-preview-*.js",
    "assets/v2-graph-source-*.js",
    "assets/v2-stream-probe-*.js",
    "assets/chunk-worker-*.js",
    "assets/terrain-render-data-*.js",
    "assets/surface-grid-*.js",
    "assets/surface-sdf-grid-*.js",
    "assets/decode-web-*.js",
    "assets/v2-vegetation-*.js",
    "assets/stand-field-*.js",
    "assets/ghibli-trees-*.js",
    "sw.js",
    "workbox-*.js"
  ]
}

[33m[PLUGIN_TIMINGS] [0mYour build spent 100% of 12.2s inside plugin hooks (15.7s).
Measured inside the callback, so queue time is excluded and time the callback itself awaited is not:
  - read-staged-source-snapshot load (88%, 10.8s, 214 calls)
  - vite-plugin-pwa:build closeBundle (36%, 4.3s, 1 call)
Those rows are 100% of the build; the rest of the 100% is below.
Not measurable — 2 hooks whose calls overlap, so elapsed time covers work other calls were doing. Profile with `node --cpu-prof`:
  - vite:css transform (7 calls)
  - vite:build-html transform (3 calls)
See https://rolldown.rs/reference/InputOptions.checks#plugintimings for more details.

PASS: staged tree 932e97159d85a61b8418b618773da4c3576c8aae; 194 staged source modules compiled.
