vite v8.2.2 building client environment for production...
transforming...

/fonts/fonts.css doesn't exist at build time, it will remain unchanged to be resolved at runtime
✓ 224 modules transformed.
rendering chunks...
computing gzip size...
output/witness-palette-build/course-startup-build.json                               0.08 kB │ gzip:   0.09 kB
output/witness-palette-build/registerSW.js                                           0.13 kB
output/witness-palette-build/manifest.webmanifest                                    0.54 kB
output/witness-palette-build/foliage-study.html                                      4.67 kB │ gzip:   1.92 kB
output/witness-palette-build/tree-study.html                                         5.17 kB │ gzip:   2.13 kB
output/witness-palette-build/assets/chunk-worker-entry-D7H-Q3hl.js                  40.45 kB
output/witness-palette-build/index.html                                             47.26 kB │ gzip:  12.83 kB
output/witness-palette-build/assets/main-BNYkWHb_.css                                3.39 kB │ gzip:   1.14 kB
output/witness-palette-build/assets/course-preview-C-9BI6FL.css                      5.03 kB │ gzip:   1.70 kB
output/witness-palette-build/assets/map-vh-t_kPv.css                                15.09 kB │ gzip:   6.36 kB
output/witness-palette-build/assets/rail-DxEnkMi2.css                               22.71 kB │ gzip:   5.14 kB
output/witness-palette-build/assets/GLTFLoader-CexeXnSb.js                           0.06 kB │ gzip:   0.07 kB
output/witness-palette-build/assets/ghibli-trees-Cu0Efxzd.js                         0.07 kB │ gzip:   0.08 kB
output/witness-palette-build/assets/v2-terrain-batch-DVtI9he5.js                     0.08 kB │ gzip:   0.09 kB
output/witness-palette-build/assets/authored-buildings-Bgm4pUx0.js                   0.08 kB │ gzip:   0.09 kB
output/witness-palette-build/assets/v2-terrain-runtime-BfsEx_Nv.js                   0.08 kB │ gzip:   0.09 kB
output/witness-palette-build/assets/three.webgpu-BJeOUIF3.js                         0.10 kB │ gzip:   0.10 kB
output/witness-palette-build/assets/norrfallsviken-ocean-source-Ccgm8a2B.js          0.39 kB │ gzip:   0.28 kB
output/witness-palette-build/assets/johannesberg-D_kpICgr.js                         0.55 kB │ gzip:   0.33 kB
output/witness-palette-build/assets/descriptor-integrity-BRzkgOXG.js                 0.65 kB │ gzip:   0.42 kB
output/witness-palette-build/assets/modulepreload-polyfill-P2Xu9kJm.js               0.67 kB │ gzip:   0.38 kB
output/witness-palette-build/assets/rolldown-runtime-hePW80VL.js                     0.71 kB │ gzip:   0.42 kB
output/witness-palette-build/assets/router-CvxtqfP8.js                               0.78 kB │ gzip:   0.40 kB
output/witness-palette-build/assets/hub-ChxvNYN_.js                                  0.80 kB │ gzip:   0.52 kB
output/witness-palette-build/assets/preload-helper-Czpn1I53.js                       1.19 kB │ gzip:   0.67 kB
output/witness-palette-build/assets/course-previews-z2p367Gd.js                      1.24 kB │ gzip:   0.62 kB
output/witness-palette-build/assets/puttom-ub2gj6ZU.js                               1.49 kB │ gzip:   0.62 kB
output/witness-palette-build/assets/app-DrdOiAJx.js                                  1.51 kB │ gzip:   0.74 kB
output/witness-palette-build/assets/http-BPwmuz59.js                                 1.58 kB │ gzip:   0.77 kB
output/witness-palette-build/assets/norrfallsviken-coastal-surfaces-BDEjNu2Y.js      1.80 kB │ gzip:   1.09 kB
output/witness-palette-build/assets/surface-CWHik6JE.js                              2.26 kB │ gzip:   1.09 kB
output/witness-palette-build/assets/geom-BrwqqLR-.js                                 2.31 kB │ gzip:   1.05 kB
output/witness-palette-build/assets/ring-index-Cz_ZN3Q5.js                           2.52 kB │ gzip:   1.16 kB
output/witness-palette-build/assets/geodetic-frame-B8Sphb5Q.js                       2.70 kB │ gzip:   1.31 kB
output/witness-palette-build/assets/angso-DyQ1ZLXp.js                                2.90 kB │ gzip:   1.50 kB
output/witness-palette-build/assets/worker-client-CqZr5p0p.js                        2.97 kB │ gzip:   1.10 kB
output/witness-palette-build/assets/cache-BsUTrHjc.js                                3.08 kB │ gzip:   1.23 kB
output/witness-palette-build/assets/v2-stream-probe-run-DyJbemVG.js                  4.24 kB │ gzip:   1.75 kB
output/witness-palette-build/assets/BufferGeometryUtils-C09S7KwG.js                  4.75 kB │ gzip:   1.39 kB
output/witness-palette-build/assets/source-ocean-bOdsTebR.js                         4.98 kB │ gzip:   2.36 kB
output/witness-palette-build/assets/surface-sdf-grid-DI2Y5T-y.js                     5.73 kB │ gzip:   1.85 kB
output/witness-palette-build/assets/BloomNode-DfZfsZ0G.js                            6.06 kB │ gzip:   1.87 kB
output/witness-palette-build/assets/terrain-render-data-DW1Tn4fZ.js                  6.14 kB │ gzip:   2.57 kB
output/witness-palette-build/assets/v2-surface-preview-loader-FirhrU9e.js            6.32 kB │ gzip:   2.47 kB
output/witness-palette-build/assets/v2-graph-source-CXB1DOq2.js                      6.44 kB │ gzip:   2.44 kB
output/witness-palette-build/assets/lidingo-environment-water-DbdyeLoz.js            6.54 kB │ gzip:   2.99 kB
output/witness-palette-build/assets/ghibli-trees-M6mbkoDD.js                         6.84 kB │ gzip:   3.01 kB
output/witness-palette-build/assets/v2-vegetation-DkXZAgat.js                        7.04 kB │ gzip:   3.14 kB
output/witness-palette-build/assets/authored-buildings-CBPATSkI.js                   7.16 kB │ gzip:   2.99 kB
output/witness-palette-build/assets/continuous-ocean-DCF2LopW.js                     7.25 kB │ gzip:   3.23 kB
output/witness-palette-build/assets/v2-terrain-preview-loader-BYk9FD_8.js            7.30 kB │ gzip:   2.75 kB
output/witness-palette-build/assets/foliage-CM_eVMTI.js                              7.40 kB │ gzip:   3.56 kB
output/witness-palette-build/assets/v2-water-bed-CNBigzB4.js                         8.01 kB │ gzip:   3.35 kB
output/witness-palette-build/assets/johannesberg-facilities-C4TaR7OC.js              8.25 kB │ gzip:   3.40 kB
output/witness-palette-build/assets/upsala-CC4unVvp.js                               8.27 kB │ gzip:   3.30 kB
output/witness-palette-build/assets/icons-D34DfW1X.js                                8.29 kB │ gzip:   1.35 kB
output/witness-palette-build/assets/visby-facilities-BgRmydHu.js                     8.61 kB │ gzip:   3.59 kB
output/witness-palette-build/assets/course-startup-BBFQeRv2.js                       8.63 kB │ gzip:   3.26 kB
output/witness-palette-build/assets/ribbingsfors-facilities-B62-Ht8P.js              9.33 kB │ gzip:   3.79 kB
output/witness-palette-build/assets/course-preview-nHNp6d9n.js                       9.48 kB │ gzip:   4.04 kB
output/witness-palette-build/assets/v2-surface-preview-atlas-C-WVPF43.js             9.60 kB │ gzip:   3.62 kB
output/witness-palette-build/assets/lidingo-facilities-B67JNddw.js                  10.56 kB │ gzip:   4.15 kB
output/witness-palette-build/assets/three.tsl-BxVlQ1ZM.js                           11.10 kB │ gzip:   3.94 kB
output/witness-palette-build/assets/puttom-facilities-gun7mio7.js                   11.25 kB │ gzip:   4.47 kB
output/witness-palette-build/assets/v2-graph-frontier-CQtzy905.js                   11.37 kB │ gzip:   4.28 kB
output/witness-palette-build/assets/rail-CWN7QKBX.js                                11.63 kB │ gzip:   4.40 kB
output/witness-palette-build/assets/angso-facilities-DCfDlnI2.js                    11.70 kB │ gzip:   4.68 kB
output/witness-palette-build/assets/v2-terrain-batch-B4GfOSnG.js                    13.17 kB │ gzip:   4.65 kB
output/witness-palette-build/assets/visby-CrfPFvXr.js                               16.56 kB │ gzip:   4.65 kB
output/witness-palette-build/assets/OrbitControls-ooX-_r9Z.js                       19.85 kB │ gzip:   4.40 kB
output/witness-palette-build/assets/lidingo-Cfp2ZK8N.js                             22.99 kB │ gzip:   8.45 kB
output/witness-palette-build/assets/ribbingsfors-CCK9aTKx.js                        23.27 kB │ gzip:   5.29 kB
output/witness-palette-build/assets/v2-graph-terrain-DEmZJeLt.js                    24.49 kB │ gzip:   8.32 kB
output/witness-palette-build/assets/tortuna-DZqChilO.js                             24.78 kB │ gzip:   8.41 kB
output/witness-palette-build/assets/v2-terrain-runtime-Bl7GSEO4.js                  28.50 kB │ gzip:   9.28 kB
output/witness-palette-build/assets/veckefjarden-1Orx0X5e.js                        29.18 kB │ gzip:  12.28 kB
output/witness-palette-build/assets/decode-web-C8zLSlsj.js                          34.48 kB │ gzip:   9.26 kB
output/witness-palette-build/assets/GLTFLoader-oX9oUyCt.js                          44.33 kB │ gzip:  13.19 kB
output/witness-palette-build/assets/map-hJFfJ_dO.js                                156.43 kB │ gzip:  46.57 kB
output/witness-palette-build/assets/norrfallsviken-Crj8K2RW.js                     174.96 kB │ gzip:  47.17 kB
output/witness-palette-build/assets/study-LuhVZmXp.js                              357.03 kB │ gzip:  86.97 kB
output/witness-palette-build/assets/three.core-DJ_dmd1X.js                         377.55 kB │ gzip: 100.72 kB
output/witness-palette-build/assets/main-DGDoNFoV.js                               436.68 kB │ gzip: 161.04 kB
output/witness-palette-build/assets/three.webgpu-BS7YLu3N.js                       706.57 kB │ gzip: 197.81 kB
output/witness-palette-build/assets/upsala-authored-meshes-BXG6-qji.js           1,239.22 kB │ gzip: 252.84 kB

✓ built in 1.19s
[plugin builtin:vite-reporter] 
(!) Some chunks are larger than 500 kB after minification. Consider:
- Using dynamic import() to code-split the application
- Use build.rolldownOptions.output.codeSplitting to improve chunking: https://rolldown.rs/reference/OutputOptions.codeSplitting
- Adjust chunk size limit for this warning via build.chunkSizeWarningLimit.

PWA v1.3.0
mode      generateSW
precache  44 entries (2268.95 KiB)
files generated
  ../../output/witness-palette-build/sw.js
  ../../output/witness-palette-build/workbox-5b3f2944.js
warnings
  One of the glob patterns doesn't match any files. Please remove or fix the following: {
  "globDirectory": "C:\\Users\\olov_\\repos\\olovs-hemsida\\output\\witness-palette-build",
  "globPattern": "favicon.svg",
  "globIgnores": [
    "assets/angso-*.js",
    "assets/norrfallsviken-*.js",
    "assets/puttom-*.js",
    "assets/upsala-*.js",
    "assets/upsala-mellanbanan-*.js",
    "assets/johannesberg-*.js",
    "assets/johannesberg-9-*.js",
    "assets/veckefjarden-*.js",
    "assets/veckefjarden-korthalsbanan-*.js",
    "assets/ribbingsfors-*.js",
    "assets/visby-*.js",
    "assets/tortuna-*.js",
    "assets/lidingo-*.js",
    "assets/v2-terrain-*.js",
    "assets/v2-graph-terrain-*.js",
    "assets/v2-surface-preview-*.js",
    "assets/v2-graph-source-*.js",
    "assets/v2-stream-probe-*.js",
    "assets/chunk-worker-*.js",
    "assets/terrain-render-data-*.js",
    "assets/surface-grid-*.js",
    "assets/surface-sdf-grid-*.js",
    "assets/decode-web-*.js",
    "assets/v2-vegetation-*.js",
    "assets/stand-field-*.js",
    "assets/ghibli-trees-*.js",
    "sw.js",
    "workbox-*.js"
  ]
}
  One of the glob patterns doesn't match any files. Please remove or fix the following: {
  "globDirectory": "C:\\Users\\olov_\\repos\\olovs-hemsida\\output\\witness-palette-build",
  "globPattern": "icons/*.png",
  "globIgnores": [
    "assets/angso-*.js",
    "assets/norrfallsviken-*.js",
    "assets/puttom-*.js",
    "assets/upsala-*.js",
    "assets/upsala-mellanbanan-*.js",
    "assets/johannesberg-*.js",
    "assets/johannesberg-9-*.js",
    "assets/veckefjarden-*.js",
    "assets/veckefjarden-korthalsbanan-*.js",
    "assets/ribbingsfors-*.js",
    "assets/visby-*.js",
    "assets/tortuna-*.js",
    "assets/lidingo-*.js",
    "assets/v2-terrain-*.js",
    "assets/v2-graph-terrain-*.js",
    "assets/v2-surface-preview-*.js",
    "assets/v2-graph-source-*.js",
    "assets/v2-stream-probe-*.js",
    "assets/chunk-worker-*.js",
    "assets/terrain-render-data-*.js",
    "assets/surface-grid-*.js",
    "assets/surface-sdf-grid-*.js",
    "assets/decode-web-*.js",
    "assets/v2-vegetation-*.js",
    "assets/stand-field-*.js",
    "assets/ghibli-trees-*.js",
    "sw.js",
    "workbox-*.js"
  ]
}
  One of the glob patterns doesn't match any files. Please remove or fix the following: {
  "globDirectory": "C:\\Users\\olov_\\repos\\olovs-hemsida\\output\\witness-palette-build",
  "globPattern": "fonts/**",
  "globIgnores": [
    "assets/angso-*.js",
    "assets/norrfallsviken-*.js",
    "assets/puttom-*.js",
    "assets/upsala-*.js",
    "assets/upsala-mellanbanan-*.js",
    "assets/johannesberg-*.js",
    "assets/johannesberg-9-*.js",
    "assets/veckefjarden-*.js",
    "assets/veckefjarden-korthalsbanan-*.js",
    "assets/ribbingsfors-*.js",
    "assets/visby-*.js",
    "assets/tortuna-*.js",
    "assets/lidingo-*.js",
    "assets/v2-terrain-*.js",
    "assets/v2-graph-terrain-*.js",
    "assets/v2-surface-preview-*.js",
    "assets/v2-graph-source-*.js",
    "assets/v2-stream-probe-*.js",
    "assets/chunk-worker-*.js",
    "assets/terrain-render-data-*.js",
    "assets/surface-grid-*.js",
    "assets/surface-sdf-grid-*.js",
    "assets/decode-web-*.js",
    "assets/v2-vegetation-*.js",
    "assets/stand-field-*.js",
    "assets/ghibli-trees-*.js",
    "sw.js",
    "workbox-*.js"
  ]
}

