INFO Draco mesh compression is available, use library at C:\Program Files\Blender Foundation\Blender 4.5\4.5\scripts\addons_core\io_scene_gltf2\extern_draco.dll
12:36:23 | INFO: Starting glTF 2.0 export
12:36:23 | INFO: Extracting primitive: crown
12:36:23 | INFO: Primitives created: 1
12:36:23 | INFO: Extracting primitive: trunk
12:36:23 | INFO: Primitives created: 1
12:36:23 | INFO: Finished glTF 2.0 export in 0.009929656982421875 s

PINE_PROGRESS 0 hero: {'crown': 3216, 'trunk': 696}
12:36:23 | INFO: Starting glTF 2.0 export
12:36:23 | INFO: Extracting primitive: crown.001
12:36:23 | INFO: Primitives created: 1
12:36:23 | INFO: Extracting primitive: trunk.001
12:36:23 | INFO: Primitives created: 1
12:36:23 | INFO: Finished glTF 2.0 export in 0.00735926628112793 s

PINE_PROGRESS 0 full: {'crown': 1140, 'trunk': 146}
12:36:23 | INFO: Starting glTF 2.0 export
12:36:23 | INFO: Extracting primitive: crown.001
12:36:23 | INFO: Primitives created: 1
12:36:23 | INFO: Extracting primitive: trunk.001
12:36:23 | INFO: Primitives created: 1
12:36:23 | INFO: Finished glTF 2.0 export in 0.006000995635986328 s

PINE_PROGRESS 0 lite: {'crown': 220, 'trunk': 60}
12:36:23 | INFO: Starting glTF 2.0 export
12:36:23 | INFO: Extracting primitive: crown.001
12:36:23 | INFO: Primitives created: 1
12:36:23 | INFO: Extracting primitive: trunk.001
12:36:23 | INFO: Primitives created: 1
12:36:23 | INFO: Finished glTF 2.0 export in 0.010138750076293945 s

PINE_PROGRESS 1 hero: {'crown': 3168, 'trunk': 982}
12:36:23 | INFO: Starting glTF 2.0 export
12:36:23 | INFO: Extracting primitive: crown.002
12:36:23 | INFO: Primitives created: 1
12:36:23 | INFO: Extracting primitive: trunk.002
12:36:23 | INFO: Primitives created: 1
12:36:23 | INFO: Finished glTF 2.0 export in 0.00650334358215332 s

PINE_PROGRESS 1 full: {'crown': 1120, 'trunk': 202}
12:36:23 | INFO: Starting glTF 2.0 export
12:36:23 | INFO: Extracting primitive: crown.002
12:36:23 | INFO: Primitives created: 1
12:36:23 | INFO: Extracting primitive: trunk.002
12:36:23 | INFO: Primitives created: 1
12:36:23 | INFO: Finished glTF 2.0 export in 0.005261898040771484 s

PINE_PROGRESS 1 lite: {'crown': 220, 'trunk': 116}
12:36:23 | INFO: Starting glTF 2.0 export
12:36:23 | INFO: Extracting primitive: crown.002
12:36:23 | INFO: Primitives created: 1
12:36:23 | INFO: Extracting primitive: trunk.002
12:36:23 | INFO: Primitives created: 1
12:36:23 | INFO: Finished glTF 2.0 export in 0.009990215301513672 s

PINE_PROGRESS 2 hero: {'crown': 2928, 'trunk': 696}
12:36:23 | INFO: Starting glTF 2.0 export
12:36:23 | INFO: Extracting primitive: crown.003
12:36:23 | INFO: Primitives created: 1
12:36:23 | INFO: Extracting primitive: trunk.003
12:36:23 | INFO: Primitives created: 1
12:36:23 | INFO: Finished glTF 2.0 export in 0.007390499114990234 s

PINE_PROGRESS 2 full: {'crown': 1020, 'trunk': 118}
12:36:23 | INFO: Starting glTF 2.0 export
12:36:23 | INFO: Extracting primitive: crown.003
12:36:23 | INFO: Primitives created: 1
12:36:23 | INFO: Extracting primitive: trunk.003
12:36:23 | INFO: Primitives created: 1
12:36:23 | INFO: Finished glTF 2.0 export in 0.006517887115478516 s

PINE_PROGRESS 2 lite: {'crown': 220, 'trunk': 60}
12:36:23 | INFO: Starting glTF 2.0 export
12:36:23 | INFO: Extracting primitive: crown.003
12:36:23 | INFO: Primitives created: 1
12:36:23 | INFO: Extracting primitive: trunk.003
12:36:23 | INFO: Primitives created: 1
12:36:23 | INFO: Finished glTF 2.0 export in 0.02741527557373047 s

PINE_PROGRESS 3 hero: {'crown': 3168, 'trunk': 696}
12:36:23 | INFO: Starting glTF 2.0 export
12:36:23 | INFO: Extracting primitive: crown.004
12:36:23 | INFO: Primitives created: 1
12:36:23 | INFO: Extracting primitive: trunk.004
12:36:23 | INFO: Primitives created: 1
12:36:23 | INFO: Finished glTF 2.0 export in 0.007000446319580078 s

PINE_PROGRESS 3 full: {'crown': 1120, 'trunk': 132}
12:36:24 | INFO: Starting glTF 2.0 export
12:36:24 | INFO: Extracting primitive: crown.004
12:36:24 | INFO: Primitives created: 1
12:36:24 | INFO: Extracting primitive: trunk.004
12:36:24 | INFO: Primitives created: 1
12:36:24 | INFO: Finished glTF 2.0 export in 0.00501251220703125 s

PINE_PROGRESS 3 lite: {'crown': 220, 'trunk': 60}
Info: Saved as "refined-pine.blend"
PINE_BUILD_COMPLETE
Blender 4.5.9 LTS (hash 8bf95cbd38d1 built 2026-04-21 01:33:45)

Blender quit
