13:20:38 | INFO: Data are loaded, start creating Blender stuff
13:20:38 | INFO: Blender create Mesh node trunk
13:20:38 | INFO: Blender create Mesh node crown.001
13:20:38 | INFO: glTF import finished in 0.02s
INFO Draco mesh compression is available, use library at C:\Program Files\Blender Foundation\Blender 4.5\4.5\scripts\addons_core\io_scene_gltf2\extern_draco.dll
13:20:38 | INFO: Starting glTF 2.0 export
13:20:38 | INFO: Extracting primitive: crown.002
13:20:38 | WARNING: More than one shader node tex image used for a texture. The resulting glTF sampler will behave like the first shader node tex image.
13:20:38 | INFO: Primitives created: 1
13:20:38 | INFO: Extracting primitive: trunk.002
13:20:38 | INFO: Primitives created: 1
13:20:38 | INFO: Finished glTF 2.0 export in 0.0261538028717041 s

SPECIES_PROGRESS tall hero 4448
13:20:38 | INFO: Data are loaded, start creating Blender stuff
13:20:38 | INFO: Blender create Mesh node trunk.001
13:20:38 | INFO: Blender create Mesh node crown.003
13:20:38 | INFO: glTF import finished in 0.01s
13:20:38 | INFO: Starting glTF 2.0 export
13:20:38 | INFO: Extracting primitive: crown.005
13:20:38 | WARNING: More than one shader node tex image used for a texture. The resulting glTF sampler will behave like the first shader node tex image.
13:20:38 | INFO: Primitives created: 1
13:20:38 | INFO: Extracting primitive: trunk.005
13:20:38 | INFO: Primitives created: 1
13:20:38 | INFO: Finished glTF 2.0 export in 0.015679597854614258 s

SPECIES_PROGRESS tall full 1620
13:20:38 | INFO: Data are loaded, start creating Blender stuff
13:20:38 | INFO: Blender create Mesh node crown.004
13:20:38 | INFO: Blender create Mesh node trunk.002
13:20:38 | INFO: glTF import finished in 0.01s
13:20:38 | INFO: Starting glTF 2.0 export
13:20:38 | INFO: Extracting primitive: crown.008
13:20:38 | INFO: Primitives created: 1
13:20:38 | INFO: Extracting primitive: trunk.008
13:20:38 | INFO: Primitives created: 1
13:20:38 | INFO: Finished glTF 2.0 export in 0.012633085250854492 s

SPECIES_PROGRESS tall lite 280
13:20:38 | INFO: Starting glTF 2.0 export
13:20:38 | INFO: Extracting primitive: crown.009
13:20:38 | WARNING: More than one shader node tex image used for a texture. The resulting glTF sampler will behave like the first shader node tex image.
13:20:38 | INFO: Primitives created: 1
13:20:38 | INFO: Extracting primitive: trunk.009
13:20:38 | INFO: Primitives created: 1
13:20:38 | INFO: Finished glTF 2.0 export in 0.02525162696838379 s

SPECIES_PROGRESS gran hero 4500
13:20:39 | INFO: Starting glTF 2.0 export
13:20:39 | INFO: Extracting primitive: crown.010
13:20:39 | WARNING: More than one shader node tex image used for a texture. The resulting glTF sampler will behave like the first shader node tex image.
13:20:39 | INFO: Primitives created: 1
13:20:39 | INFO: Extracting primitive: trunk.010
13:20:39 | INFO: Primitives created: 1
13:20:39 | INFO: Finished glTF 2.0 export in 0.013157367706298828 s

SPECIES_PROGRESS gran full 1700
13:20:39 | INFO: Starting glTF 2.0 export
13:20:39 | INFO: Extracting primitive: crown.011
13:20:39 | INFO: Primitives created: 1
13:20:39 | INFO: Extracting primitive: trunk.011
13:20:39 | INFO: Primitives created: 1
13:20:39 | INFO: Finished glTF 2.0 export in 0.01004338264465332 s

SPECIES_PROGRESS gran lite 308
13:20:39 | INFO: Starting glTF 2.0 export
13:20:39 | INFO: Extracting primitive: crown.012
13:20:39 | WARNING: More than one shader node tex image used for a texture. The resulting glTF sampler will behave like the first shader node tex image.
13:20:39 | INFO: Primitives created: 1
13:20:39 | INFO: Extracting primitive: trunk.012
13:20:39 | INFO: Primitives created: 1
13:20:39 | INFO: Finished glTF 2.0 export in 0.029826641082763672 s

SPECIES_PROGRESS bjork hero 4500
13:20:39 | INFO: Starting glTF 2.0 export
13:20:39 | INFO: Extracting primitive: crown.013
13:20:39 | WARNING: More than one shader node tex image used for a texture. The resulting glTF sampler will behave like the first shader node tex image.
13:20:39 | INFO: Primitives created: 1
13:20:39 | INFO: Extracting primitive: trunk.013
13:20:39 | INFO: Primitives created: 1
13:20:39 | INFO: Finished glTF 2.0 export in 0.01580667495727539 s

SPECIES_PROGRESS bjork full 1700
13:20:39 | INFO: Starting glTF 2.0 export
13:20:39 | INFO: Extracting primitive: crown.014
13:20:39 | INFO: Primitives created: 1
13:20:39 | INFO: Extracting primitive: trunk.014
13:20:39 | INFO: Primitives created: 1
13:20:39 | INFO: Finished glTF 2.0 export in 0.00938725471496582 s

SPECIES_PROGRESS bjork lite 308
13:20:39 | INFO: Starting glTF 2.0 export
13:20:39 | INFO: Extracting primitive: crown.015
13:20:39 | WARNING: More than one shader node tex image used for a texture. The resulting glTF sampler will behave like the first shader node tex image.
13:20:39 | INFO: Primitives created: 1
13:20:39 | INFO: Extracting primitive: trunk.015
13:20:39 | INFO: Primitives created: 1
13:20:39 | INFO: Finished glTF 2.0 export in 0.04956364631652832 s

SPECIES_PROGRESS al hero 4032
13:20:39 | INFO: Starting glTF 2.0 export
13:20:39 | INFO: Extracting primitive: crown.016
13:20:39 | WARNING: More than one shader node tex image used for a texture. The resulting glTF sampler will behave like the first shader node tex image.
13:20:39 | INFO: Primitives created: 1
13:20:39 | INFO: Extracting primitive: trunk.016
13:20:39 | INFO: Primitives created: 1
13:20:39 | INFO: Finished glTF 2.0 export in 0.02034306526184082 s

SPECIES_PROGRESS al full 1700
13:20:39 | INFO: Starting glTF 2.0 export
13:20:39 | INFO: Extracting primitive: crown.017
13:20:39 | INFO: Primitives created: 1
13:20:39 | INFO: Extracting primitive: trunk.017
13:20:39 | INFO: Primitives created: 1
13:20:39 | INFO: Finished glTF 2.0 export in 0.008838653564453125 s

SPECIES_PROGRESS al lite 108
13:20:40 | INFO: Starting glTF 2.0 export
13:20:40 | INFO: Extracting primitive: crown.018
13:20:40 | WARNING: More than one shader node tex image used for a texture. The resulting glTF sampler will behave like the first shader node tex image.
13:20:40 | INFO: Primitives created: 1
13:20:40 | INFO: Extracting primitive: trunk.018
13:20:40 | INFO: Primitives created: 1
13:20:40 | INFO: Finished glTF 2.0 export in 0.024419307708740234 s

SPECIES_PROGRESS ek hero 4500
13:20:40 | INFO: Starting glTF 2.0 export
13:20:40 | INFO: Extracting primitive: crown.019
13:20:40 | WARNING: More than one shader node tex image used for a texture. The resulting glTF sampler will behave like the first shader node tex image.
13:20:40 | INFO: Primitives created: 1
13:20:40 | INFO: Extracting primitive: trunk.019
13:20:40 | INFO: Primitives created: 1
13:20:40 | INFO: Finished glTF 2.0 export in 0.014174699783325195 s

SPECIES_PROGRESS ek full 1700
13:20:40 | INFO: Starting glTF 2.0 export
13:20:40 | INFO: Extracting primitive: crown.020
13:20:40 | INFO: Primitives created: 1
13:20:40 | INFO: Extracting primitive: trunk.020
13:20:40 | INFO: Primitives created: 1
13:20:40 | INFO: Finished glTF 2.0 export in 0.011127948760986328 s

SPECIES_PROGRESS ek lite 200
Info: Saved as "fluffy-swedish-trees.blend"
SPECIES_BUILD_COMPLETE 3.09
Blender 4.5.9 LTS (hash 8bf95cbd38d1 built 2026-04-21 01:33:45)

Blender quit
