INFO Draco mesh compression is available, use library at C:\Program Files\Blender Foundation\Blender 4.5\4.5\scripts\addons_core\io_scene_gltf2\extern_draco.dll
08:36:52 | INFO: Starting glTF 2.0 export
08:36:52 | INFO: Extracting primitive: crown
08:36:52 | INFO: Primitives created: 1
08:36:52 | INFO: Extracting primitive: trunk
08:36:52 | INFO: Primitives created: 1
08:36:52 | INFO: Finished glTF 2.0 export in 0.0194854736328125 s

VISBY_PINE 0 hero 4500
08:36:52 | INFO: Starting glTF 2.0 export
08:36:52 | INFO: Extracting primitive: crown.001
08:36:52 | INFO: Primitives created: 1
08:36:52 | INFO: Extracting primitive: trunk.001
08:36:52 | INFO: Primitives created: 1
08:36:52 | INFO: Finished glTF 2.0 export in 0.008200407028198242 s

VISBY_PINE 0 full 1700
08:36:52 | INFO: Starting glTF 2.0 export
08:36:52 | INFO: Extracting primitive: crown.002
08:36:52 | INFO: Primitives created: 1
08:36:52 | INFO: Extracting primitive: trunk.002
08:36:52 | INFO: Primitives created: 1
08:36:52 | INFO: Finished glTF 2.0 export in 0.007589578628540039 s

VISBY_PINE 0 lite 300
08:36:52 | INFO: Starting glTF 2.0 export
08:36:52 | INFO: Extracting primitive: crown.003
08:36:52 | INFO: Primitives created: 1
08:36:52 | INFO: Extracting primitive: trunk.003
08:36:52 | INFO: Primitives created: 1
08:36:52 | INFO: Finished glTF 2.0 export in 0.011230230331420898 s

VISBY_PINE 1 hero 4500
08:36:53 | INFO: Starting glTF 2.0 export
08:36:53 | INFO: Extracting primitive: crown.004
08:36:53 | INFO: Primitives created: 1
08:36:53 | INFO: Extracting primitive: trunk.004
08:36:53 | INFO: Primitives created: 1
08:36:53 | INFO: Finished glTF 2.0 export in 0.007173299789428711 s

VISBY_PINE 1 full 1700
08:36:53 | INFO: Starting glTF 2.0 export
08:36:53 | INFO: Extracting primitive: crown.005
08:36:53 | INFO: Primitives created: 1
08:36:53 | INFO: Extracting primitive: trunk.005
08:36:53 | INFO: Primitives created: 1
08:36:53 | INFO: Finished glTF 2.0 export in 0.006070137023925781 s

VISBY_PINE 1 lite 300
08:36:53 | INFO: Starting glTF 2.0 export
08:36:53 | INFO: Extracting primitive: crown.006
08:36:53 | INFO: Primitives created: 1
08:36:53 | INFO: Extracting primitive: trunk.006
08:36:53 | INFO: Primitives created: 1
08:36:53 | INFO: Finished glTF 2.0 export in 0.16370320320129395 s

VISBY_PINE 2 hero 4500
08:36:53 | INFO: Starting glTF 2.0 export
08:36:53 | INFO: Extracting primitive: crown.007
08:36:53 | INFO: Primitives created: 1
08:36:53 | INFO: Extracting primitive: trunk.007
08:36:53 | INFO: Primitives created: 1
08:36:53 | INFO: Finished glTF 2.0 export in 0.009560823440551758 s

VISBY_PINE 2 full 1700
08:36:53 | INFO: Starting glTF 2.0 export
08:36:53 | INFO: Extracting primitive: crown.008
08:36:53 | INFO: Primitives created: 1
08:36:53 | INFO: Extracting primitive: trunk.008
08:36:53 | INFO: Primitives created: 1
08:36:53 | INFO: Finished glTF 2.0 export in 0.0045168399810791016 s

VISBY_PINE 2 lite 300
Blender 4.5.9 LTS (hash 8bf95cbd38d1 built 2026-04-21 01:33:45)
Fra:1 Mem:13.75M (Peak 13.75M) | Time:00:00.01 | Mem:0.00M, Peak:0.00M | Visby GK | Coastal Scots pines, ViewLayer | Synchronizing object | Study ground
Fra:1 Mem:13.75M (Peak 13.75M) | Time:00:00.01 | Mem:0.00M, Peak:0.00M | Visby GK | Coastal Scots pines, ViewLayer | Synchronizing object | Soft sun
Fra:1 Mem:16.89M (Peak 16.89M) | Time:00:00.01 | Mem:0.00M, Peak:0.00M | Visby GK | Coastal Scots pines, ViewLayer | Initializing
Fra:1 Mem:16.86M (Peak 16.89M) | Time:00:00.01 | Mem:0.00M, Peak:0.00M | Visby GK | Coastal Scots pines, ViewLayer | Updating Images | Loading bff7de51560873baf2c803c010ef73ca7346e0dddd25427426d6c5a3b050f59
Fra:1 Mem:17.32M (Peak 18.87M) | Time:00:00.02 | Mem:1.00M, Peak:1.00M | Visby GK | Coastal Scots pines, ViewLayer | Waiting for render to start
Fra:1 Mem:17.32M (Peak 18.87M) | Time:00:00.02 | Mem:1.00M, Peak:1.00M | Visby GK | Coastal Scots pines, ViewLayer | Updating Scene
Fra:1 Mem:17.32M (Peak 18.87M) | Time:00:00.02 | Mem:1.00M, Peak:1.00M | Visby GK | Coastal Scots pines, ViewLayer | Updating Shaders
Fra:1 Mem:17.32M (Peak 18.87M) | Time:00:00.02 | Mem:1.00M, Peak:1.00M | Visby GK | Coastal Scots pines, ViewLayer | Loading render kernels (may take a few minutes the first time)
Fra:1 Mem:17.40M (Peak 18.87M) | Time:00:00.04 | Mem:1.00M, Peak:1.00M | Visby GK | Coastal Scots pines, ViewLayer | Updating Procedurals
Fra:1 Mem:17.40M (Peak 18.87M) | Time:00:00.04 | Mem:1.00M, Peak:1.00M | Visby GK | Coastal Scots pines, ViewLayer | Updating Background
Fra:1 Mem:17.40M (Peak 18.87M) | Time:00:00.04 | Mem:1.00M, Peak:1.00M | Visby GK | Coastal Scots pines, ViewLayer | Updating Camera
Fra:1 Mem:17.40M (Peak 18.87M) | Time:00:00.04 | Mem:1.00M, Peak:1.00M | Visby GK | Coastal Scots pines, ViewLayer | Updating Meshes Flags
Fra:1 Mem:17.40M (Peak 18.87M) | Time:00:00.04 | Mem:1.00M, Peak:1.00M | Visby GK | Coastal Scots pines, ViewLayer | Updating Objects
Fra:1 Mem:17.40M (Peak 18.87M) | Time:00:00.04 | Mem:1.00M, Peak:1.00M | Visby GK | Coastal Scots pines, ViewLayer | Updating Objects | Copying Transformations to device
Fra:1 Mem:17.41M (Peak 18.87M) | Time:00:00.04 | Mem:1.01M, Peak:1.01M | Visby GK | Coastal Scots pines, ViewLayer | Updating Particle Systems
Fra:1 Mem:17.41M (Peak 18.87M) | Time:00:00.04 | Mem:1.01M, Peak:1.01M | Visby GK | Coastal Scots pines, ViewLayer | Updating Particle Systems | Copying Particles to device
Fra:1 Mem:17.41M (Peak 18.87M) | Time:00:00.04 | Mem:1.01M, Peak:1.01M | Visby GK | Coastal Scots pines, ViewLayer | Updating Meshes
Fra:1 Mem:17.41M (Peak 18.87M) | Time:00:00.04 | Mem:1.01M, Peak:1.01M | Visby GK | Coastal Scots pines, ViewLayer | Updating Objects | Applying Static Transformations
Fra:1 Mem:17.41M (Peak 18.87M) | Time:00:00.04 | Mem:1.01M, Peak:1.01M | Visby GK | Coastal Scots pines, ViewLayer | Updating Mesh | Computing attributes
Fra:1 Mem:17.68M (Peak 18.87M) | Time:00:00.04 | Mem:1.01M, Peak:1.01M | Visby GK | Coastal Scots pines, ViewLayer | Updating Mesh | Copying Attributes to device
Fra:1 Mem:17.68M (Peak 18.87M) | Time:00:00.05 | Mem:1.27M, Peak:1.27M | Visby GK | Coastal Scots pines, ViewLayer | Updating Scene BVH | Building
Fra:1 Mem:17.68M (Peak 18.87M) | Time:00:00.05 | Mem:1.27M, Peak:1.27M | Visby GK | Coastal Scots pines, ViewLayer | Updating Scene BVH | Building BVH
Fra:1 Mem:17.68M (Peak 18.87M) | Time:00:00.06 | Mem:1.69M, Peak:1.69M | Visby GK | Coastal Scots pines, ViewLayer | Updating Scene BVH | Building BVH 0%
Fra:1 Mem:17.68M (Peak 18.87M) | Time:00:00.08 | Mem:2.05M, Peak:2.46M | Visby GK | Coastal Scots pines, ViewLayer | Updating Scene BVH | Copying BVH to device
Fra:1 Mem:17.68M (Peak 18.87M) | Time:00:00.08 | Mem:2.05M, Peak:2.46M | Visby GK | Coastal Scots pines, ViewLayer | Updating Mesh | Computing normals
Fra:1 Mem:18.32M (Peak 18.87M) | Time:00:00.08 | Mem:2.05M, Peak:2.46M | Visby GK | Coastal Scots pines, ViewLayer | Updating Mesh | Copying Mesh to device
Fra:1 Mem:18.32M (Peak 18.87M) | Time:00:00.08 | Mem:2.70M, Peak:2.70M | Visby GK | Coastal Scots pines, ViewLayer | Updating Objects Flags
Fra:1 Mem:18.32M (Peak 18.87M) | Time:00:00.08 | Mem:2.70M, Peak:2.70M | Visby GK | Coastal Scots pines, ViewLayer | Updating Primitive Offsets
Fra:1 Mem:18.32M (Peak 18.87M) | Time:00:00.08 | Mem:2.70M, Peak:2.70M | Visby GK | Coastal Scots pines, ViewLayer | Updating Images
Fra:1 Mem:18.32M (Peak 18.87M) | Time:00:00.08 | Mem:2.70M, Peak:2.70M | Visby GK | Coastal Scots pines, ViewLayer | Updating Camera Volume
Fra:1 Mem:18.32M (Peak 18.87M) | Time:00:00.08 | Mem:2.70M, Peak:2.70M | Visby GK | Coastal Scots pines, ViewLayer | Updating Lookup Tables
Fra:1 Mem:18.32M (Peak 18.87M) | Time:00:00.08 | Mem:2.78M, Peak:2.78M | Visby GK | Coastal Scots pines, ViewLayer | Updating Lights
Fra:1 Mem:18.32M (Peak 18.87M) | Time:00:00.08 | Mem:2.78M, Peak:2.78M | Visby GK | Coastal Scots pines, ViewLayer | Updating Lights | Computing tree
Fra:1 Mem:19.99M (Peak 21.08M) | Time:00:00.11 | Mem:4.45M, Peak:4.45M | Visby GK | Coastal Scots pines, ViewLayer | Updating Integrator
Fra:1 Mem:19.99M (Peak 21.08M) | Time:00:00.11 | Mem:4.45M, Peak:4.45M | Visby GK | Coastal Scots pines, ViewLayer | Updating Film
Fra:1 Mem:19.99M (Peak 21.08M) | Time:00:00.11 | Mem:4.37M, Peak:4.45M | Visby GK | Coastal Scots pines, ViewLayer | Updating Lookup Tables
Fra:1 Mem:19.99M (Peak 21.08M) | Time:00:00.11 | Mem:4.45M, Peak:4.45M | Visby GK | Coastal Scots pines, ViewLayer | Updating Baking
Fra:1 Mem:19.99M (Peak 21.08M) | Time:00:00.11 | Mem:4.45M, Peak:4.45M | Visby GK | Coastal Scots pines, ViewLayer | Updating Device | Writing constant memory
Fra:1 Mem:20.00M (Peak 21.08M) | Time:00:00.12 | Mem:4.45M, Peak:4.45M | Visby GK | Coastal Scots pines, ViewLayer | Loading denoising kernels (may take a few minutes the first time)
Fra:1 Mem:20.00M (Peak 21.08M) | Time:00:00.12 | Mem:4.45M, Peak:4.45M | Visby GK | Coastal Scots pines, ViewLayer | Sample 0/24
Fra:1 Mem:121.95M (Peak 121.95M) | Time:00:00.95 | Remaining:00:19.19 | Mem:106.22M, Peak:106.22M | Visby GK | Coastal Scots pines, ViewLayer | Sample 1/24
Fra:1 Mem:164.80M (Peak 229.07M) | Time:00:24.23 | Mem:106.22M, Peak:106.22M | Visby GK | Coastal Scots pines, ViewLayer | Sample 24/24
Fra:1 Mem:164.80M (Peak 229.07M) | Time:00:24.23 | Mem:106.22M, Peak:106.22M | Visby GK | Coastal Scots pines, ViewLayer | Finished
Saved: 'C:\Users\olov_\repos\olovs-hemsida\docs\graphics\visby-coastal-pine-2026-09-16\blender-three-variants.png'
Time: 00:24.48 (Saving: 00:00.24)

Info: Saved as "visby-coastal-pines.blend"
VISBY_PINE_COMPLETE

Blender quit
