INFO Draco mesh compression is available, use library at C:\Program Files\Blender Foundation\Blender 4.5\4.5\scripts\addons_core\io_scene_gltf2\extern_draco.dll
18:52:11 | INFO: Starting glTF 2.0 export
18:52:11 | INFO: Extracting primitive: crown
18:52:11 | INFO: Primitives created: 1
18:52:11 | INFO: Extracting primitive: trunk
18:52:11 | INFO: Primitives created: 1
18:52:11 | INFO: Finished glTF 2.0 export in 0.04928708076477051 s

VISBY_PINE 0 hero 4500
18:52:11 | INFO: Starting glTF 2.0 export
18:52:11 | INFO: Extracting primitive: crown.001
18:52:11 | INFO: Primitives created: 1
18:52:11 | INFO: Extracting primitive: trunk.001
18:52:11 | INFO: Primitives created: 1
18:52:11 | INFO: Finished glTF 2.0 export in 0.029204845428466797 s

VISBY_PINE 0 full 1700
18:52:11 | INFO: Starting glTF 2.0 export
18:52:11 | INFO: Extracting primitive: crown.002
18:52:11 | INFO: Primitives created: 1
18:52:11 | INFO: Extracting primitive: trunk.002
18:52:11 | INFO: Primitives created: 1
18:52:11 | INFO: Finished glTF 2.0 export in 0.020749330520629883 s

VISBY_PINE 0 lite 304
18:52:11 | INFO: Starting glTF 2.0 export
18:52:11 | INFO: Extracting primitive: crown.003
18:52:12 | INFO: Primitives created: 1
18:52:12 | INFO: Extracting primitive: trunk.003
18:52:12 | INFO: Primitives created: 1
18:52:12 | INFO: Finished glTF 2.0 export in 0.016228437423706055 s

VISBY_PINE 1 hero 4500
18:52:12 | INFO: Starting glTF 2.0 export
18:52:12 | INFO: Extracting primitive: crown.004
18:52:12 | INFO: Primitives created: 1
18:52:12 | INFO: Extracting primitive: trunk.004
18:52:12 | INFO: Primitives created: 1
18:52:12 | INFO: Finished glTF 2.0 export in 0.0064868927001953125 s

VISBY_PINE 1 full 1700
18:52:12 | INFO: Starting glTF 2.0 export
18:52:12 | INFO: Extracting primitive: crown.005
18:52:12 | INFO: Primitives created: 1
18:52:12 | INFO: Extracting primitive: trunk.005
18:52:12 | INFO: Primitives created: 1
18:52:12 | INFO: Finished glTF 2.0 export in 0.009254693984985352 s

VISBY_PINE 1 lite 304
18:52:12 | INFO: Starting glTF 2.0 export
18:52:12 | INFO: Extracting primitive: crown.006
18:52:12 | INFO: Primitives created: 1
18:52:12 | INFO: Extracting primitive: trunk.006
18:52:12 | INFO: Primitives created: 1
18:52:12 | INFO: Finished glTF 2.0 export in 0.009994745254516602 s

VISBY_PINE 2 hero 4500
18:52:12 | INFO: Starting glTF 2.0 export
18:52:12 | INFO: Extracting primitive: crown.007
18:52:12 | INFO: Primitives created: 1
18:52:12 | INFO: Extracting primitive: trunk.007
18:52:12 | INFO: Primitives created: 1
18:52:12 | INFO: Finished glTF 2.0 export in 0.01243281364440918 s

VISBY_PINE 2 full 1700
18:52:12 | INFO: Starting glTF 2.0 export
18:52:12 | INFO: Extracting primitive: crown.008
18:52:12 | INFO: Primitives created: 1
18:52:12 | INFO: Extracting primitive: trunk.008
18:52:12 | INFO: Primitives created: 1
18:52:12 | INFO: Finished glTF 2.0 export in 0.008207321166992188 s

VISBY_PINE 2 lite 304
18:52:12 | INFO: Starting glTF 2.0 export
18:52:12 | INFO: Extracting primitive: crown.009
18:52:12 | INFO: Primitives created: 1
18:52:12 | INFO: Extracting primitive: trunk.009
18:52:12 | INFO: Primitives created: 1
18:52:12 | INFO: Finished glTF 2.0 export in 0.017508268356323242 s

VISBY_PINE 3 hero 4500
18:52:12 | INFO: Starting glTF 2.0 export
18:52:12 | INFO: Extracting primitive: crown.010
18:52:12 | INFO: Primitives created: 1
18:52:12 | INFO: Extracting primitive: trunk.010
18:52:12 | INFO: Primitives created: 1
18:52:12 | INFO: Finished glTF 2.0 export in 0.008928298950195312 s

VISBY_PINE 3 full 1700
18:52:12 | INFO: Starting glTF 2.0 export
18:52:12 | INFO: Extracting primitive: crown.011
18:52:12 | INFO: Primitives created: 1
18:52:12 | INFO: Extracting primitive: trunk.011
18:52:12 | INFO: Primitives created: 1
18:52:12 | INFO: Finished glTF 2.0 export in 0.005636692047119141 s

VISBY_PINE 3 lite 304
Blender 4.5.9 LTS (hash 8bf95cbd38d1 built 2026-04-21 01:33:45)
Fra:1 Mem:14.97M (Peak 14.97M) | Time:00:00.00 | Mem:0.00M, Peak:0.00M | Visby GK | Martallar 2026-09-21, ViewLayer | Synchronizing object | Study ground
Fra:1 Mem:14.97M (Peak 14.97M) | Time:00:00.00 | Mem:0.00M, Peak:0.00M | Visby GK | Martallar 2026-09-21, ViewLayer | Synchronizing object | Öppen skärmtall | crown
Fra:1 Mem:14.97M (Peak 14.97M) | Time:00:00.00 | Mem:0.00M, Peak:0.00M | Visby GK | Martallar 2026-09-21, ViewLayer | Synchronizing object | Soft sun
Fra:1 Mem:18.41M (Peak 18.41M) | Time:00:00.00 | Mem:0.00M, Peak:0.00M | Visby GK | Martallar 2026-09-21, ViewLayer | Initializing
Fra:1 Mem:18.37M (Peak 18.41M) | Time:00:00.00 | Mem:0.00M, Peak:0.00M | Visby GK | Martallar 2026-09-21, ViewLayer | Updating Images | Loading 156f6f1e2bebc2f54dc51bb289c4199499f3027cf8a58dd983de7ae4966f048
Fra:1 Mem:18.78M (Peak 20.38M) | Time:00:00.01 | Mem:1.00M, Peak:1.00M | Visby GK | Martallar 2026-09-21, ViewLayer | Waiting for render to start
Fra:1 Mem:18.78M (Peak 20.38M) | Time:00:00.01 | Mem:1.00M, Peak:1.00M | Visby GK | Martallar 2026-09-21, ViewLayer | Updating Scene
Fra:1 Mem:18.78M (Peak 20.38M) | Time:00:00.01 | Mem:1.00M, Peak:1.00M | Visby GK | Martallar 2026-09-21, ViewLayer | Updating Shaders
Fra:1 Mem:18.78M (Peak 20.38M) | Time:00:00.01 | Mem:1.00M, Peak:1.00M | Visby GK | Martallar 2026-09-21, ViewLayer | Loading render kernels (may take a few minutes the first time)
Fra:1 Mem:18.86M (Peak 20.38M) | Time:00:00.01 | Mem:1.00M, Peak:1.00M | Visby GK | Martallar 2026-09-21, ViewLayer | Updating Procedurals
Fra:1 Mem:18.86M (Peak 20.38M) | Time:00:00.01 | Mem:1.00M, Peak:1.00M | Visby GK | Martallar 2026-09-21, ViewLayer | Updating Background
Fra:1 Mem:18.86M (Peak 20.38M) | Time:00:00.01 | Mem:1.00M, Peak:1.00M | Visby GK | Martallar 2026-09-21, ViewLayer | Updating Camera
Fra:1 Mem:18.86M (Peak 20.38M) | Time:00:00.01 | Mem:1.00M, Peak:1.00M | Visby GK | Martallar 2026-09-21, ViewLayer | Updating Meshes Flags
Fra:1 Mem:18.86M (Peak 20.38M) | Time:00:00.01 | Mem:1.00M, Peak:1.00M | Visby GK | Martallar 2026-09-21, ViewLayer | Updating Objects
Fra:1 Mem:18.86M (Peak 20.38M) | Time:00:00.01 | Mem:1.00M, Peak:1.00M | Visby GK | Martallar 2026-09-21, ViewLayer | Updating Objects | Copying Transformations to device
Fra:1 Mem:18.86M (Peak 20.38M) | Time:00:00.01 | Mem:1.01M, Peak:1.01M | Visby GK | Martallar 2026-09-21, ViewLayer | Updating Particle Systems
Fra:1 Mem:18.86M (Peak 20.38M) | Time:00:00.01 | Mem:1.01M, Peak:1.01M | Visby GK | Martallar 2026-09-21, ViewLayer | Updating Particle Systems | Copying Particles to device
Fra:1 Mem:18.86M (Peak 20.38M) | Time:00:00.01 | Mem:1.01M, Peak:1.01M | Visby GK | Martallar 2026-09-21, ViewLayer | Updating Meshes
Fra:1 Mem:18.86M (Peak 20.38M) | Time:00:00.01 | Mem:1.01M, Peak:1.01M | Visby GK | Martallar 2026-09-21, ViewLayer | Updating Objects | Applying Static Transformations
Fra:1 Mem:18.86M (Peak 20.38M) | Time:00:00.01 | Mem:1.01M, Peak:1.01M | Visby GK | Martallar 2026-09-21, ViewLayer | Updating Mesh | Computing attributes
Fra:1 Mem:19.25M (Peak 20.38M) | Time:00:00.01 | Mem:1.01M, Peak:1.01M | Visby GK | Martallar 2026-09-21, ViewLayer | Updating Mesh | Copying Attributes to device
Fra:1 Mem:19.24M (Peak 20.38M) | Time:00:00.01 | Mem:1.39M, Peak:1.39M | Visby GK | Martallar 2026-09-21, ViewLayer | Updating Scene BVH | Building
Fra:1 Mem:19.24M (Peak 20.38M) | Time:00:00.01 | Mem:1.39M, Peak:1.39M | Visby GK | Martallar 2026-09-21, ViewLayer | Updating Scene BVH | Building BVH
Fra:1 Mem:19.24M (Peak 20.38M) | Time:00:00.01 | Mem:1.94M, Peak:1.94M | Visby GK | Martallar 2026-09-21, ViewLayer | Updating Scene BVH | Building BVH 0%
Fra:1 Mem:19.24M (Peak 20.38M) | Time:00:00.02 | Mem:2.54M, Peak:3.09M | Visby GK | Martallar 2026-09-21, ViewLayer | Updating Scene BVH | Copying BVH to device
Fra:1 Mem:19.24M (Peak 20.38M) | Time:00:00.02 | Mem:2.54M, Peak:3.09M | Visby GK | Martallar 2026-09-21, ViewLayer | Updating Mesh | Computing normals
Fra:1 Mem:20.03M (Peak 20.38M) | Time:00:00.02 | Mem:2.54M, Peak:3.09M | Visby GK | Martallar 2026-09-21, ViewLayer | Updating Mesh | Copying Mesh to device
Fra:1 Mem:20.03M (Peak 20.38M) | Time:00:00.02 | Mem:3.32M, Peak:3.32M | Visby GK | Martallar 2026-09-21, ViewLayer | Updating Objects Flags
Fra:1 Mem:20.03M (Peak 20.38M) | Time:00:00.02 | Mem:3.32M, Peak:3.32M | Visby GK | Martallar 2026-09-21, ViewLayer | Updating Primitive Offsets
Fra:1 Mem:20.03M (Peak 20.38M) | Time:00:00.02 | Mem:3.32M, Peak:3.32M | Visby GK | Martallar 2026-09-21, ViewLayer | Updating Images
Fra:1 Mem:20.03M (Peak 20.38M) | Time:00:00.02 | Mem:3.32M, Peak:3.32M | Visby GK | Martallar 2026-09-21, ViewLayer | Updating Camera Volume
Fra:1 Mem:20.03M (Peak 20.38M) | Time:00:00.02 | Mem:3.32M, Peak:3.32M | Visby GK | Martallar 2026-09-21, ViewLayer | Updating Lookup Tables
Fra:1 Mem:20.03M (Peak 20.38M) | Time:00:00.02 | Mem:3.40M, Peak:3.40M | Visby GK | Martallar 2026-09-21, ViewLayer | Updating Lights
Fra:1 Mem:20.03M (Peak 20.38M) | Time:00:00.02 | Mem:3.40M, Peak:3.40M | Visby GK | Martallar 2026-09-21, ViewLayer | Updating Lights | Computing tree
Fra:1 Mem:21.67M (Peak 22.74M) | Time:00:00.04 | Mem:5.04M, Peak:5.04M | Visby GK | Martallar 2026-09-21, ViewLayer | Updating Integrator
Fra:1 Mem:21.67M (Peak 22.74M) | Time:00:00.04 | Mem:5.04M, Peak:5.04M | Visby GK | Martallar 2026-09-21, ViewLayer | Updating Film
Fra:1 Mem:21.67M (Peak 22.74M) | Time:00:00.04 | Mem:4.96M, Peak:5.04M | Visby GK | Martallar 2026-09-21, ViewLayer | Updating Lookup Tables
Fra:1 Mem:21.67M (Peak 22.74M) | Time:00:00.04 | Mem:5.04M, Peak:5.04M | Visby GK | Martallar 2026-09-21, ViewLayer | Updating Baking
Fra:1 Mem:21.67M (Peak 22.74M) | Time:00:00.04 | Mem:5.04M, Peak:5.04M | Visby GK | Martallar 2026-09-21, ViewLayer | Updating Device | Writing constant memory
Fra:1 Mem:21.67M (Peak 22.74M) | Time:00:00.04 | Mem:5.04M, Peak:5.04M | Visby GK | Martallar 2026-09-21, ViewLayer | Loading denoising kernels (may take a few minutes the first time)
Fra:1 Mem:21.67M (Peak 22.74M) | Time:00:00.04 | Mem:5.04M, Peak:5.04M | Visby GK | Martallar 2026-09-21, ViewLayer | Sample 0/24
Fra:1 Mem:164.50M (Peak 164.50M) | Time:00:01.04 | Remaining:00:22.95 | Mem:147.69M, Peak:147.69M | Visby GK | Martallar 2026-09-21, ViewLayer | Sample 1/24
Fra:1 Mem:224.56M (Peak 314.65M) | Time:00:31.74 | Mem:147.69M, Peak:147.69M | Visby GK | Martallar 2026-09-21, ViewLayer | Sample 24/24
Fra:1 Mem:224.56M (Peak 314.65M) | Time:00:31.74 | Mem:147.69M, Peak:147.69M | Visby GK | Martallar 2026-09-21, ViewLayer | Finished
Saved: 'C:\Users\olov_\repos\olovs-hemsida\docs\graphics\visby-martall-2026-09-21\blender-four-variants.png'
Time: 00:31.99 (Saving: 00:00.24)

Fra:1 Mem:17.03M (Peak 17.03M) | Time:00:00.00 | Mem:0.00M, Peak:0.00M | Visby GK | Martallar 2026-09-21, ViewLayer | Synchronizing object | Study ground
Fra:1 Mem:17.04M (Peak 17.04M) | Time:00:00.00 | Mem:0.00M, Peak:0.00M | Visby GK | Martallar 2026-09-21, ViewLayer | Synchronizing object | Öppen skärmtall | crown
Fra:1 Mem:17.04M (Peak 17.04M) | Time:00:00.00 | Mem:0.00M, Peak:0.00M | Visby GK | Martallar 2026-09-21, ViewLayer | Synchronizing object | Soft sun
Fra:1 Mem:18.41M (Peak 18.41M) | Time:00:00.00 | Mem:0.00M, Peak:0.00M | Visby GK | Martallar 2026-09-21, ViewLayer | Initializing
Fra:1 Mem:18.37M (Peak 18.41M) | Time:00:00.00 | Mem:0.00M, Peak:0.00M | Visby GK | Martallar 2026-09-21, ViewLayer | Updating Images | Loading 156f6f1e2bebc2f54dc51bb289c4199499f3027cf8a58dd983de7ae4966f048
Fra:1 Mem:18.78M (Peak 20.38M) | Time:00:00.01 | Mem:1.00M, Peak:1.00M | Visby GK | Martallar 2026-09-21, ViewLayer | Waiting for render to start
Fra:1 Mem:18.78M (Peak 20.38M) | Time:00:00.01 | Mem:1.00M, Peak:1.00M | Visby GK | Martallar 2026-09-21, ViewLayer | Updating Scene
Fra:1 Mem:18.78M (Peak 20.38M) | Time:00:00.01 | Mem:1.00M, Peak:1.00M | Visby GK | Martallar 2026-09-21, ViewLayer | Updating Shaders
Fra:1 Mem:18.78M (Peak 20.38M) | Time:00:00.01 | Mem:1.00M, Peak:1.00M | Visby GK | Martallar 2026-09-21, ViewLayer | Loading render kernels (may take a few minutes the first time)
Fra:1 Mem:18.86M (Peak 20.38M) | Time:00:00.01 | Mem:1.00M, Peak:1.00M | Visby GK | Martallar 2026-09-21, ViewLayer | Updating Procedurals
Fra:1 Mem:18.86M (Peak 20.38M) | Time:00:00.01 | Mem:1.00M, Peak:1.00M | Visby GK | Martallar 2026-09-21, ViewLayer | Updating Background
Fra:1 Mem:18.86M (Peak 20.38M) | Time:00:00.01 | Mem:1.00M, Peak:1.00M | Visby GK | Martallar 2026-09-21, ViewLayer | Updating Camera
Fra:1 Mem:18.86M (Peak 20.38M) | Time:00:00.01 | Mem:1.00M, Peak:1.00M | Visby GK | Martallar 2026-09-21, ViewLayer | Updating Meshes Flags
Fra:1 Mem:18.86M (Peak 20.38M) | Time:00:00.01 | Mem:1.00M, Peak:1.00M | Visby GK | Martallar 2026-09-21, ViewLayer | Updating Objects
Fra:1 Mem:18.86M (Peak 20.38M) | Time:00:00.01 | Mem:1.00M, Peak:1.00M | Visby GK | Martallar 2026-09-21, ViewLayer | Updating Objects | Copying Transformations to device
Fra:1 Mem:18.86M (Peak 20.38M) | Time:00:00.01 | Mem:1.01M, Peak:1.01M | Visby GK | Martallar 2026-09-21, ViewLayer | Updating Particle Systems
Fra:1 Mem:18.86M (Peak 20.38M) | Time:00:00.01 | Mem:1.01M, Peak:1.01M | Visby GK | Martallar 2026-09-21, ViewLayer | Updating Particle Systems | Copying Particles to device
Fra:1 Mem:18.86M (Peak 20.38M) | Time:00:00.01 | Mem:1.01M, Peak:1.01M | Visby GK | Martallar 2026-09-21, ViewLayer | Updating Meshes
Fra:1 Mem:18.86M (Peak 20.38M) | Time:00:00.01 | Mem:1.01M, Peak:1.01M | Visby GK | Martallar 2026-09-21, ViewLayer | Updating Objects | Applying Static Transformations
Fra:1 Mem:18.86M (Peak 20.38M) | Time:00:00.01 | Mem:1.01M, Peak:1.01M | Visby GK | Martallar 2026-09-21, ViewLayer | Updating Mesh | Computing attributes
Fra:1 Mem:19.25M (Peak 20.38M) | Time:00:00.01 | Mem:1.01M, Peak:1.01M | Visby GK | Martallar 2026-09-21, ViewLayer | Updating Mesh | Copying Attributes to device
Fra:1 Mem:19.24M (Peak 20.38M) | Time:00:00.01 | Mem:1.39M, Peak:1.39M | Visby GK | Martallar 2026-09-21, ViewLayer | Updating Scene BVH | Building
Fra:1 Mem:19.24M (Peak 20.38M) | Time:00:00.01 | Mem:1.39M, Peak:1.39M | Visby GK | Martallar 2026-09-21, ViewLayer | Updating Scene BVH | Building BVH
Fra:1 Mem:19.24M (Peak 20.38M) | Time:00:00.01 | Mem:1.94M, Peak:1.94M | Visby GK | Martallar 2026-09-21, ViewLayer | Updating Scene BVH | Building BVH 0%
Fra:1 Mem:19.24M (Peak 20.38M) | Time:00:00.02 | Mem:2.54M, Peak:3.09M | Visby GK | Martallar 2026-09-21, ViewLayer | Updating Scene BVH | Copying BVH to device
Fra:1 Mem:19.24M (Peak 20.38M) | Time:00:00.02 | Mem:2.54M, Peak:3.09M | Visby GK | Martallar 2026-09-21, ViewLayer | Updating Mesh | Computing normals
Fra:1 Mem:20.03M (Peak 20.38M) | Time:00:00.02 | Mem:2.54M, Peak:3.09M | Visby GK | Martallar 2026-09-21, ViewLayer | Updating Mesh | Copying Mesh to device
Fra:1 Mem:20.03M (Peak 20.38M) | Time:00:00.02 | Mem:3.32M, Peak:3.32M | Visby GK | Martallar 2026-09-21, ViewLayer | Updating Objects Flags
Fra:1 Mem:20.03M (Peak 20.38M) | Time:00:00.02 | Mem:3.32M, Peak:3.32M | Visby GK | Martallar 2026-09-21, ViewLayer | Updating Primitive Offsets
Fra:1 Mem:20.03M (Peak 20.38M) | Time:00:00.02 | Mem:3.32M, Peak:3.32M | Visby GK | Martallar 2026-09-21, ViewLayer | Updating Images
Fra:1 Mem:20.03M (Peak 20.38M) | Time:00:00.02 | Mem:3.32M, Peak:3.32M | Visby GK | Martallar 2026-09-21, ViewLayer | Updating Camera Volume
Fra:1 Mem:20.03M (Peak 20.38M) | Time:00:00.02 | Mem:3.32M, Peak:3.32M | Visby GK | Martallar 2026-09-21, ViewLayer | Updating Lookup Tables
Fra:1 Mem:20.03M (Peak 20.38M) | Time:00:00.02 | Mem:3.40M, Peak:3.40M | Visby GK | Martallar 2026-09-21, ViewLayer | Updating Lights
Fra:1 Mem:20.03M (Peak 20.38M) | Time:00:00.02 | Mem:3.40M, Peak:3.40M | Visby GK | Martallar 2026-09-21, ViewLayer | Updating Lights | Computing tree
Fra:1 Mem:21.67M (Peak 22.74M) | Time:00:00.04 | Mem:5.04M, Peak:5.04M | Visby GK | Martallar 2026-09-21, ViewLayer | Updating Integrator
Fra:1 Mem:21.67M (Peak 22.74M) | Time:00:00.04 | Mem:5.04M, Peak:5.04M | Visby GK | Martallar 2026-09-21, ViewLayer | Updating Film
Fra:1 Mem:21.67M (Peak 22.74M) | Time:00:00.04 | Mem:4.96M, Peak:5.04M | Visby GK | Martallar 2026-09-21, ViewLayer | Updating Lookup Tables
Fra:1 Mem:21.67M (Peak 22.74M) | Time:00:00.04 | Mem:5.04M, Peak:5.04M | Visby GK | Martallar 2026-09-21, ViewLayer | Updating Baking
Fra:1 Mem:21.67M (Peak 22.74M) | Time:00:00.04 | Mem:5.04M, Peak:5.04M | Visby GK | Martallar 2026-09-21, ViewLayer | Updating Device | Writing constant memory
Fra:1 Mem:21.67M (Peak 22.74M) | Time:00:00.04 | Mem:5.04M, Peak:5.04M | Visby GK | Martallar 2026-09-21, ViewLayer | Loading denoising kernels (may take a few minutes the first time)
Fra:1 Mem:21.67M (Peak 22.74M) | Time:00:00.04 | Mem:5.04M, Peak:5.04M | Visby GK | Martallar 2026-09-21, ViewLayer | Sample 0/24
Fra:1 Mem:133.48M (Peak 133.48M) | Time:00:00.94 | Remaining:00:20.75 | Mem:116.67M, Peak:116.67M | Visby GK | Martallar 2026-09-21, ViewLayer | Sample 1/24
Fra:1 Mem:180.48M (Peak 250.98M) | Time:00:23.51 | Mem:116.67M, Peak:116.67M | Visby GK | Martallar 2026-09-21, ViewLayer | Sample 24/24
Fra:1 Mem:180.48M (Peak 250.98M) | Time:00:23.51 | Mem:116.67M, Peak:116.67M | Visby GK | Martallar 2026-09-21, ViewLayer | Finished
Saved: 'C:\Users\olov_\repos\olovs-hemsida\docs\graphics\visby-martall-2026-09-21\variant-0.png'
Time: 00:23.71 (Saving: 00:00.19)

Fra:1 Mem:17.03M (Peak 17.03M) | Time:00:00.00 | Mem:0.00M, Peak:0.00M | Visby GK | Martallar 2026-09-21, ViewLayer | Synchronizing object | Study ground
Fra:1 Mem:17.04M (Peak 17.04M) | Time:00:00.00 | Mem:0.00M, Peak:0.00M | Visby GK | Martallar 2026-09-21, ViewLayer | Synchronizing object | Vindpinad tall | trunk
Fra:1 Mem:17.04M (Peak 17.04M) | Time:00:00.00 | Mem:0.00M, Peak:0.00M | Visby GK | Martallar 2026-09-21, ViewLayer | Synchronizing object | Öppen skärmtall | trunk
Fra:1 Mem:17.04M (Peak 17.04M) | Time:00:00.00 | Mem:0.00M, Peak:0.00M | Visby GK | Martallar 2026-09-21, ViewLayer | Synchronizing object | Soft sun
Fra:1 Mem:18.41M (Peak 18.41M) | Time:00:00.00 | Mem:0.00M, Peak:0.00M | Visby GK | Martallar 2026-09-21, ViewLayer | Initializing
Fra:1 Mem:18.37M (Peak 18.41M) | Time:00:00.00 | Mem:0.00M, Peak:0.00M | Visby GK | Martallar 2026-09-21, ViewLayer | Updating Images | Loading 156f6f1e2bebc2f54dc51bb289c4199499f3027cf8a58dd983de7ae4966f048
Fra:1 Mem:18.78M (Peak 20.38M) | Time:00:00.01 | Mem:1.00M, Peak:1.00M | Visby GK | Martallar 2026-09-21, ViewLayer | Waiting for render to start
Fra:1 Mem:18.78M (Peak 20.38M) | Time:00:00.01 | Mem:1.00M, Peak:1.00M | Visby GK | Martallar 2026-09-21, ViewLayer | Updating Scene
Fra:1 Mem:18.78M (Peak 20.38M) | Time:00:00.01 | Mem:1.00M, Peak:1.00M | Visby GK | Martallar 2026-09-21, ViewLayer | Updating Shaders
Fra:1 Mem:18.78M (Peak 20.38M) | Time:00:00.01 | Mem:1.00M, Peak:1.00M | Visby GK | Martallar 2026-09-21, ViewLayer | Loading render kernels (may take a few minutes the first time)
Fra:1 Mem:18.86M (Peak 20.38M) | Time:00:00.01 | Mem:1.00M, Peak:1.00M | Visby GK | Martallar 2026-09-21, ViewLayer | Updating Procedurals
Fra:1 Mem:18.86M (Peak 20.38M) | Time:00:00.01 | Mem:1.00M, Peak:1.00M | Visby GK | Martallar 2026-09-21, ViewLayer | Updating Background
Fra:1 Mem:18.86M (Peak 20.38M) | Time:00:00.01 | Mem:1.00M, Peak:1.00M | Visby GK | Martallar 2026-09-21, ViewLayer | Updating Camera
Fra:1 Mem:18.86M (Peak 20.38M) | Time:00:00.01 | Mem:1.00M, Peak:1.00M | Visby GK | Martallar 2026-09-21, ViewLayer | Updating Meshes Flags
Fra:1 Mem:18.86M (Peak 20.38M) | Time:00:00.01 | Mem:1.00M, Peak:1.00M | Visby GK | Martallar 2026-09-21, ViewLayer | Updating Objects
Fra:1 Mem:18.86M (Peak 20.38M) | Time:00:00.01 | Mem:1.00M, Peak:1.00M | Visby GK | Martallar 2026-09-21, ViewLayer | Updating Objects | Copying Transformations to device
Fra:1 Mem:18.86M (Peak 20.38M) | Time:00:00.01 | Mem:1.01M, Peak:1.01M | Visby GK | Martallar 2026-09-21, ViewLayer | Updating Particle Systems
Fra:1 Mem:18.86M (Peak 20.38M) | Time:00:00.01 | Mem:1.01M, Peak:1.01M | Visby GK | Martallar 2026-09-21, ViewLayer | Updating Particle Systems | Copying Particles to device
Fra:1 Mem:18.86M (Peak 20.38M) | Time:00:00.01 | Mem:1.01M, Peak:1.01M | Visby GK | Martallar 2026-09-21, ViewLayer | Updating Meshes
Fra:1 Mem:18.86M (Peak 20.38M) | Time:00:00.01 | Mem:1.01M, Peak:1.01M | Visby GK | Martallar 2026-09-21, ViewLayer | Updating Objects | Applying Static Transformations
Fra:1 Mem:18.86M (Peak 20.38M) | Time:00:00.01 | Mem:1.01M, Peak:1.01M | Visby GK | Martallar 2026-09-21, ViewLayer | Updating Mesh | Computing attributes
Fra:1 Mem:19.25M (Peak 20.38M) | Time:00:00.01 | Mem:1.01M, Peak:1.01M | Visby GK | Martallar 2026-09-21, ViewLayer | Updating Mesh | Copying Attributes to device
Fra:1 Mem:19.24M (Peak 20.38M) | Time:00:00.01 | Mem:1.39M, Peak:1.39M | Visby GK | Martallar 2026-09-21, ViewLayer | Updating Scene BVH | Building
Fra:1 Mem:19.24M (Peak 20.38M) | Time:00:00.01 | Mem:1.39M, Peak:1.39M | Visby GK | Martallar 2026-09-21, ViewLayer | Updating Scene BVH | Building BVH
Fra:1 Mem:19.24M (Peak 20.38M) | Time:00:00.01 | Mem:1.94M, Peak:1.94M | Visby GK | Martallar 2026-09-21, ViewLayer | Updating Scene BVH | Building BVH 0%
Fra:1 Mem:19.24M (Peak 20.38M) | Time:00:00.02 | Mem:2.54M, Peak:3.09M | Visby GK | Martallar 2026-09-21, ViewLayer | Updating Scene BVH | Copying BVH to device
Fra:1 Mem:19.24M (Peak 20.38M) | Time:00:00.02 | Mem:2.54M, Peak:3.09M | Visby GK | Martallar 2026-09-21, ViewLayer | Updating Mesh | Computing normals
Fra:1 Mem:20.03M (Peak 20.38M) | Time:00:00.02 | Mem:2.54M, Peak:3.09M | Visby GK | Martallar 2026-09-21, ViewLayer | Updating Mesh | Copying Mesh to device
Fra:1 Mem:20.03M (Peak 20.38M) | Time:00:00.02 | Mem:3.32M, Peak:3.32M | Visby GK | Martallar 2026-09-21, ViewLayer | Updating Objects Flags
Fra:1 Mem:20.03M (Peak 20.38M) | Time:00:00.02 | Mem:3.32M, Peak:3.32M | Visby GK | Martallar 2026-09-21, ViewLayer | Updating Primitive Offsets
Fra:1 Mem:20.03M (Peak 20.38M) | Time:00:00.02 | Mem:3.32M, Peak:3.32M | Visby GK | Martallar 2026-09-21, ViewLayer | Updating Images
Fra:1 Mem:20.03M (Peak 20.38M) | Time:00:00.02 | Mem:3.32M, Peak:3.32M | Visby GK | Martallar 2026-09-21, ViewLayer | Updating Camera Volume
Fra:1 Mem:20.03M (Peak 20.38M) | Time:00:00.02 | Mem:3.32M, Peak:3.32M | Visby GK | Martallar 2026-09-21, ViewLayer | Updating Lookup Tables
Fra:1 Mem:20.03M (Peak 20.38M) | Time:00:00.02 | Mem:3.40M, Peak:3.40M | Visby GK | Martallar 2026-09-21, ViewLayer | Updating Lights
Fra:1 Mem:20.03M (Peak 20.38M) | Time:00:00.02 | Mem:3.40M, Peak:3.40M | Visby GK | Martallar 2026-09-21, ViewLayer | Updating Lights | Computing tree
Fra:1 Mem:21.67M (Peak 22.74M) | Time:00:00.04 | Mem:5.04M, Peak:5.04M | Visby GK | Martallar 2026-09-21, ViewLayer | Updating Integrator
Fra:1 Mem:21.67M (Peak 22.74M) | Time:00:00.04 | Mem:5.04M, Peak:5.04M | Visby GK | Martallar 2026-09-21, ViewLayer | Updating Film
Fra:1 Mem:21.67M (Peak 22.74M) | Time:00:00.04 | Mem:4.96M, Peak:5.04M | Visby GK | Martallar 2026-09-21, ViewLayer | Updating Lookup Tables
Fra:1 Mem:21.67M (Peak 22.74M) | Time:00:00.04 | Mem:5.04M, Peak:5.04M | Visby GK | Martallar 2026-09-21, ViewLayer | Updating Baking
Fra:1 Mem:21.67M (Peak 22.74M) | Time:00:00.04 | Mem:5.04M, Peak:5.04M | Visby GK | Martallar 2026-09-21, ViewLayer | Updating Device | Writing constant memory
Fra:1 Mem:21.67M (Peak 22.74M) | Time:00:00.04 | Mem:5.04M, Peak:5.04M | Visby GK | Martallar 2026-09-21, ViewLayer | Loading denoising kernels (may take a few minutes the first time)
Fra:1 Mem:21.67M (Peak 22.74M) | Time:00:00.04 | Mem:5.04M, Peak:5.04M | Visby GK | Martallar 2026-09-21, ViewLayer | Sample 0/24
Fra:1 Mem:133.48M (Peak 133.48M) | Time:00:00.84 | Remaining:00:18.50 | Mem:116.67M, Peak:116.67M | Visby GK | Martallar 2026-09-21, ViewLayer | Sample 1/24
Fra:1 Mem:180.48M (Peak 250.98M) | Time:00:26.09 | Mem:116.67M, Peak:116.67M | Visby GK | Martallar 2026-09-21, ViewLayer | Sample 24/24
Fra:1 Mem:180.48M (Peak 250.98M) | Time:00:26.09 | Mem:116.67M, Peak:116.67M | Visby GK | Martallar 2026-09-21, ViewLayer | Finished
Saved: 'C:\Users\olov_\repos\olovs-hemsida\docs\graphics\visby-martall-2026-09-21\hero-reverse.png'
Time: 00:26.28 (Saving: 00:00.18)

Fra:1 Mem:17.03M (Peak 17.03M) | Time:00:00.00 | Mem:0.00M, Peak:0.00M | Visby GK | Martallar 2026-09-21, ViewLayer | Synchronizing object | Study ground
Fra:1 Mem:17.04M (Peak 17.04M) | Time:00:00.00 | Mem:0.00M, Peak:0.00M | Visby GK | Martallar 2026-09-21, ViewLayer | Synchronizing object | Låg kustmartall | crown
Fra:1 Mem:17.04M (Peak 17.04M) | Time:00:00.00 | Mem:0.00M, Peak:0.00M | Visby GK | Martallar 2026-09-21, ViewLayer | Synchronizing object | Öppen skärmtall | trunk
Fra:1 Mem:18.41M (Peak 18.41M) | Time:00:00.00 | Mem:0.00M, Peak:0.00M | Visby GK | Martallar 2026-09-21, ViewLayer | Initializing
Fra:1 Mem:18.37M (Peak 18.41M) | Time:00:00.00 | Mem:0.00M, Peak:0.00M | Visby GK | Martallar 2026-09-21, ViewLayer | Updating Images | Loading 156f6f1e2bebc2f54dc51bb289c4199499f3027cf8a58dd983de7ae4966f048
Fra:1 Mem:18.78M (Peak 20.38M) | Time:00:00.01 | Mem:1.00M, Peak:1.00M | Visby GK | Martallar 2026-09-21, ViewLayer | Waiting for render to start
Fra:1 Mem:18.78M (Peak 20.38M) | Time:00:00.01 | Mem:1.00M, Peak:1.00M | Visby GK | Martallar 2026-09-21, ViewLayer | Updating Scene
Fra:1 Mem:18.78M (Peak 20.38M) | Time:00:00.01 | Mem:1.00M, Peak:1.00M | Visby GK | Martallar 2026-09-21, ViewLayer | Updating Shaders
Fra:1 Mem:18.78M (Peak 20.38M) | Time:00:00.01 | Mem:1.00M, Peak:1.00M | Visby GK | Martallar 2026-09-21, ViewLayer | Loading render kernels (may take a few minutes the first time)
Fra:1 Mem:18.86M (Peak 20.38M) | Time:00:00.01 | Mem:1.00M, Peak:1.00M | Visby GK | Martallar 2026-09-21, ViewLayer | Updating Procedurals
Fra:1 Mem:18.86M (Peak 20.38M) | Time:00:00.01 | Mem:1.00M, Peak:1.00M | Visby GK | Martallar 2026-09-21, ViewLayer | Updating Background
Fra:1 Mem:18.86M (Peak 20.38M) | Time:00:00.01 | Mem:1.00M, Peak:1.00M | Visby GK | Martallar 2026-09-21, ViewLayer | Updating Camera
Fra:1 Mem:18.86M (Peak 20.38M) | Time:00:00.01 | Mem:1.00M, Peak:1.00M | Visby GK | Martallar 2026-09-21, ViewLayer | Updating Meshes Flags
Fra:1 Mem:18.86M (Peak 20.38M) | Time:00:00.01 | Mem:1.00M, Peak:1.00M | Visby GK | Martallar 2026-09-21, ViewLayer | Updating Objects
Fra:1 Mem:18.86M (Peak 20.38M) | Time:00:00.01 | Mem:1.00M, Peak:1.00M | Visby GK | Martallar 2026-09-21, ViewLayer | Updating Objects | Copying Transformations to device
Fra:1 Mem:18.86M (Peak 20.38M) | Time:00:00.01 | Mem:1.01M, Peak:1.01M | Visby GK | Martallar 2026-09-21, ViewLayer | Updating Particle Systems
Fra:1 Mem:18.86M (Peak 20.38M) | Time:00:00.01 | Mem:1.01M, Peak:1.01M | Visby GK | Martallar 2026-09-21, ViewLayer | Updating Particle Systems | Copying Particles to device
Fra:1 Mem:18.86M (Peak 20.38M) | Time:00:00.01 | Mem:1.01M, Peak:1.01M | Visby GK | Martallar 2026-09-21, ViewLayer | Updating Meshes
Fra:1 Mem:18.86M (Peak 20.38M) | Time:00:00.01 | Mem:1.01M, Peak:1.01M | Visby GK | Martallar 2026-09-21, ViewLayer | Updating Objects | Applying Static Transformations
Fra:1 Mem:18.86M (Peak 20.38M) | Time:00:00.01 | Mem:1.01M, Peak:1.01M | Visby GK | Martallar 2026-09-21, ViewLayer | Updating Mesh | Computing attributes
Fra:1 Mem:19.25M (Peak 20.38M) | Time:00:00.01 | Mem:1.01M, Peak:1.01M | Visby GK | Martallar 2026-09-21, ViewLayer | Updating Mesh | Copying Attributes to device
Fra:1 Mem:19.24M (Peak 20.38M) | Time:00:00.01 | Mem:1.39M, Peak:1.39M | Visby GK | Martallar 2026-09-21, ViewLayer | Updating Scene BVH | Building
Fra:1 Mem:19.25M (Peak 20.38M) | Time:00:00.01 | Mem:1.39M, Peak:1.39M | Visby GK | Martallar 2026-09-21, ViewLayer | Updating Scene BVH | Building BVH
Fra:1 Mem:19.25M (Peak 20.38M) | Time:00:00.01 | Mem:1.94M, Peak:1.94M | Visby GK | Martallar 2026-09-21, ViewLayer | Updating Scene BVH | Building BVH 0%
Fra:1 Mem:19.25M (Peak 20.38M) | Time:00:00.01 | Mem:2.54M, Peak:3.09M | Visby GK | Martallar 2026-09-21, ViewLayer | Updating Scene BVH | Copying BVH to device
Fra:1 Mem:19.25M (Peak 20.38M) | Time:00:00.01 | Mem:2.54M, Peak:3.09M | Visby GK | Martallar 2026-09-21, ViewLayer | Updating Mesh | Computing normals
Fra:1 Mem:20.03M (Peak 20.38M) | Time:00:00.01 | Mem:2.54M, Peak:3.09M | Visby GK | Martallar 2026-09-21, ViewLayer | Updating Mesh | Copying Mesh to device
Fra:1 Mem:20.03M (Peak 20.38M) | Time:00:00.01 | Mem:3.32M, Peak:3.32M | Visby GK | Martallar 2026-09-21, ViewLayer | Updating Objects Flags
Fra:1 Mem:20.03M (Peak 20.38M) | Time:00:00.01 | Mem:3.32M, Peak:3.32M | Visby GK | Martallar 2026-09-21, ViewLayer | Updating Primitive Offsets
Fra:1 Mem:20.03M (Peak 20.38M) | Time:00:00.01 | Mem:3.32M, Peak:3.32M | Visby GK | Martallar 2026-09-21, ViewLayer | Updating Images
Fra:1 Mem:20.03M (Peak 20.38M) | Time:00:00.01 | Mem:3.32M, Peak:3.32M | Visby GK | Martallar 2026-09-21, ViewLayer | Updating Camera Volume
Fra:1 Mem:20.03M (Peak 20.38M) | Time:00:00.01 | Mem:3.32M, Peak:3.32M | Visby GK | Martallar 2026-09-21, ViewLayer | Updating Lookup Tables
Fra:1 Mem:20.03M (Peak 20.38M) | Time:00:00.01 | Mem:3.40M, Peak:3.40M | Visby GK | Martallar 2026-09-21, ViewLayer | Updating Lights
Fra:1 Mem:20.03M (Peak 20.38M) | Time:00:00.01 | Mem:3.40M, Peak:3.40M | Visby GK | Martallar 2026-09-21, ViewLayer | Updating Lights | Computing tree
Fra:1 Mem:21.67M (Peak 22.74M) | Time:00:00.04 | Mem:5.04M, Peak:5.04M | Visby GK | Martallar 2026-09-21, ViewLayer | Updating Integrator
Fra:1 Mem:21.67M (Peak 22.74M) | Time:00:00.04 | Mem:5.04M, Peak:5.04M | Visby GK | Martallar 2026-09-21, ViewLayer | Updating Film
Fra:1 Mem:21.67M (Peak 22.74M) | Time:00:00.04 | Mem:4.96M, Peak:5.04M | Visby GK | Martallar 2026-09-21, ViewLayer | Updating Lookup Tables
Fra:1 Mem:21.67M (Peak 22.74M) | Time:00:00.04 | Mem:5.04M, Peak:5.04M | Visby GK | Martallar 2026-09-21, ViewLayer | Updating Baking
Fra:1 Mem:21.67M (Peak 22.74M) | Time:00:00.04 | Mem:5.04M, Peak:5.04M | Visby GK | Martallar 2026-09-21, ViewLayer | Updating Device | Writing constant memory
Fra:1 Mem:21.67M (Peak 22.74M) | Time:00:00.04 | Mem:5.04M, Peak:5.04M | Visby GK | Martallar 2026-09-21, ViewLayer | Loading denoising kernels (may take a few minutes the first time)
Fra:1 Mem:21.67M (Peak 22.74M) | Time:00:00.04 | Mem:5.04M, Peak:5.04M | Visby GK | Martallar 2026-09-21, ViewLayer | Sample 0/24
Fra:1 Mem:133.48M (Peak 133.48M) | Time:00:00.98 | Remaining:00:21.77 | Mem:116.67M, Peak:116.67M | Visby GK | Martallar 2026-09-21, ViewLayer | Sample 1/24
Fra:1 Mem:180.48M (Peak 250.98M) | Time:00:38.13 | Mem:116.67M, Peak:116.67M | Visby GK | Martallar 2026-09-21, ViewLayer | Sample 24/24
Fra:1 Mem:180.48M (Peak 250.98M) | Time:00:38.13 | Mem:116.67M, Peak:116.67M | Visby GK | Martallar 2026-09-21, ViewLayer | Finished
Saved: 'C:\Users\olov_\repos\olovs-hemsida\docs\graphics\visby-martall-2026-09-21\variant-1.png'
Time: 00:38.44 (Saving: 00:00.29)

Fra:1 Mem:17.03M (Peak 17.03M) | Time:00:00.00 | Mem:0.00M, Peak:0.00M | Visby GK | Martallar 2026-09-21, ViewLayer | Synchronizing object | Study ground
Fra:1 Mem:17.04M (Peak 17.04M) | Time:00:00.00 | Mem:0.00M, Peak:0.00M | Visby GK | Martallar 2026-09-21, ViewLayer | Synchronizing object | Vindpinad tall | crown
Fra:1 Mem:17.04M (Peak 17.04M) | Time:00:00.00 | Mem:0.00M, Peak:0.00M | Visby GK | Martallar 2026-09-21, ViewLayer | Synchronizing object | Vindpinad tall | trunk
Fra:1 Mem:17.04M (Peak 17.04M) | Time:00:00.00 | Mem:0.00M, Peak:0.00M | Visby GK | Martallar 2026-09-21, ViewLayer | Synchronizing object | Krokig flerstammig martall | crown
Fra:1 Mem:17.13M (Peak 17.13M) | Time:00:00.00 | Mem:0.00M, Peak:0.00M | Visby GK | Martallar 2026-09-21, ViewLayer | Synchronizing object | Krokig flerstammig martall | trunk
Fra:1 Mem:17.31M (Peak 17.31M) | Time:00:00.00 | Mem:0.00M, Peak:0.00M | Visby GK | Martallar 2026-09-21, ViewLayer | Synchronizing object | Öppen skärmtall | trunk
Fra:1 Mem:17.60M (Peak 17.60M) | Time:00:00.00 | Mem:0.00M, Peak:0.00M | Visby GK | Martallar 2026-09-21, ViewLayer | Synchronizing object | Låg kustmartall | crown
Fra:1 Mem:17.84M (Peak 17.84M) | Time:00:00.00 | Mem:0.00M, Peak:0.00M | Visby GK | Martallar 2026-09-21, ViewLayer | Synchronizing object | Låg kustmartall | trunk
Fra:1 Mem:17.96M (Peak 17.96M) | Time:00:00.00 | Mem:0.00M, Peak:0.00M | Visby GK | Martallar 2026-09-21, ViewLayer | Synchronizing object | Öppen skärmtall | crown
Fra:1 Mem:18.41M (Peak 18.41M) | Time:00:00.00 | Mem:0.00M, Peak:0.00M | Visby GK | Martallar 2026-09-21, ViewLayer | Initializing
Fra:1 Mem:18.37M (Peak 18.41M) | Time:00:00.00 | Mem:0.00M, Peak:0.00M | Visby GK | Martallar 2026-09-21, ViewLayer | Updating Images | Loading 156f6f1e2bebc2f54dc51bb289c4199499f3027cf8a58dd983de7ae4966f048
Fra:1 Mem:18.78M (Peak 20.38M) | Time:00:00.01 | Mem:1.00M, Peak:1.00M | Visby GK | Martallar 2026-09-21, ViewLayer | Waiting for render to start
Fra:1 Mem:18.78M (Peak 20.38M) | Time:00:00.02 | Mem:1.00M, Peak:1.00M | Visby GK | Martallar 2026-09-21, ViewLayer | Updating Scene
Fra:1 Mem:18.78M (Peak 20.38M) | Time:00:00.02 | Mem:1.00M, Peak:1.00M | Visby GK | Martallar 2026-09-21, ViewLayer | Updating Shaders
Fra:1 Mem:18.78M (Peak 20.38M) | Time:00:00.02 | Mem:1.00M, Peak:1.00M | Visby GK | Martallar 2026-09-21, ViewLayer | Loading render kernels (may take a few minutes the first time)
Fra:1 Mem:18.86M (Peak 20.38M) | Time:00:00.02 | Mem:1.00M, Peak:1.00M | Visby GK | Martallar 2026-09-21, ViewLayer | Updating Procedurals
Fra:1 Mem:18.86M (Peak 20.38M) | Time:00:00.02 | Mem:1.00M, Peak:1.00M | Visby GK | Martallar 2026-09-21, ViewLayer | Updating Background
Fra:1 Mem:18.86M (Peak 20.38M) | Time:00:00.02 | Mem:1.00M, Peak:1.00M | Visby GK | Martallar 2026-09-21, ViewLayer | Updating Camera
Fra:1 Mem:18.86M (Peak 20.38M) | Time:00:00.02 | Mem:1.00M, Peak:1.00M | Visby GK | Martallar 2026-09-21, ViewLayer | Updating Meshes Flags
Fra:1 Mem:18.86M (Peak 20.38M) | Time:00:00.02 | Mem:1.00M, Peak:1.00M | Visby GK | Martallar 2026-09-21, ViewLayer | Updating Objects
Fra:1 Mem:18.86M (Peak 20.38M) | Time:00:00.02 | Mem:1.00M, Peak:1.00M | Visby GK | Martallar 2026-09-21, ViewLayer | Updating Objects | Copying Transformations to device
Fra:1 Mem:18.86M (Peak 20.38M) | Time:00:00.02 | Mem:1.01M, Peak:1.01M | Visby GK | Martallar 2026-09-21, ViewLayer | Updating Particle Systems
Fra:1 Mem:18.86M (Peak 20.38M) | Time:00:00.02 | Mem:1.01M, Peak:1.01M | Visby GK | Martallar 2026-09-21, ViewLayer | Updating Particle Systems | Copying Particles to device
Fra:1 Mem:18.86M (Peak 20.38M) | Time:00:00.02 | Mem:1.01M, Peak:1.01M | Visby GK | Martallar 2026-09-21, ViewLayer | Updating Meshes
Fra:1 Mem:18.86M (Peak 20.38M) | Time:00:00.02 | Mem:1.01M, Peak:1.01M | Visby GK | Martallar 2026-09-21, ViewLayer | Updating Objects | Applying Static Transformations
Fra:1 Mem:18.86M (Peak 20.38M) | Time:00:00.02 | Mem:1.01M, Peak:1.01M | Visby GK | Martallar 2026-09-21, ViewLayer | Updating Mesh | Computing attributes
Fra:1 Mem:19.25M (Peak 20.38M) | Time:00:00.02 | Mem:1.01M, Peak:1.01M | Visby GK | Martallar 2026-09-21, ViewLayer | Updating Mesh | Copying Attributes to device
Fra:1 Mem:19.24M (Peak 20.38M) | Time:00:00.02 | Mem:1.39M, Peak:1.39M | Visby GK | Martallar 2026-09-21, ViewLayer | Updating Scene BVH | Building
Fra:1 Mem:19.25M (Peak 20.38M) | Time:00:00.02 | Mem:1.39M, Peak:1.39M | Visby GK | Martallar 2026-09-21, ViewLayer | Updating Scene BVH | Building BVH
Fra:1 Mem:19.25M (Peak 20.38M) | Time:00:00.02 | Mem:1.94M, Peak:1.94M | Visby GK | Martallar 2026-09-21, ViewLayer | Updating Scene BVH | Building BVH 0%
Fra:1 Mem:19.25M (Peak 20.38M) | Time:00:00.03 | Mem:2.54M, Peak:3.09M | Visby GK | Martallar 2026-09-21, ViewLayer | Updating Scene BVH | Copying BVH to device
Fra:1 Mem:19.25M (Peak 20.38M) | Time:00:00.03 | Mem:2.54M, Peak:3.09M | Visby GK | Martallar 2026-09-21, ViewLayer | Updating Mesh | Computing normals
Fra:1 Mem:20.03M (Peak 20.38M) | Time:00:00.03 | Mem:2.54M, Peak:3.09M | Visby GK | Martallar 2026-09-21, ViewLayer | Updating Mesh | Copying Mesh to device
Fra:1 Mem:20.03M (Peak 20.38M) | Time:00:00.03 | Mem:3.32M, Peak:3.32M | Visby GK | Martallar 2026-09-21, ViewLayer | Updating Objects Flags
Fra:1 Mem:20.03M (Peak 20.38M) | Time:00:00.03 | Mem:3.32M, Peak:3.32M | Visby GK | Martallar 2026-09-21, ViewLayer | Updating Primitive Offsets
Fra:1 Mem:20.03M (Peak 20.38M) | Time:00:00.03 | Mem:3.32M, Peak:3.32M | Visby GK | Martallar 2026-09-21, ViewLayer | Updating Images
Fra:1 Mem:20.03M (Peak 20.38M) | Time:00:00.03 | Mem:3.32M, Peak:3.32M | Visby GK | Martallar 2026-09-21, ViewLayer | Updating Camera Volume
Fra:1 Mem:20.03M (Peak 20.38M) | Time:00:00.03 | Mem:3.32M, Peak:3.32M | Visby GK | Martallar 2026-09-21, ViewLayer | Updating Lookup Tables
Fra:1 Mem:20.03M (Peak 20.38M) | Time:00:00.03 | Mem:3.40M, Peak:3.40M | Visby GK | Martallar 2026-09-21, ViewLayer | Updating Lights
Fra:1 Mem:20.03M (Peak 20.38M) | Time:00:00.03 | Mem:3.40M, Peak:3.40M | Visby GK | Martallar 2026-09-21, ViewLayer | Updating Lights | Computing tree
Fra:1 Mem:21.67M (Peak 22.74M) | Time:00:00.06 | Mem:5.04M, Peak:5.04M | Visby GK | Martallar 2026-09-21, ViewLayer | Updating Integrator
Fra:1 Mem:21.67M (Peak 22.74M) | Time:00:00.06 | Mem:5.04M, Peak:5.04M | Visby GK | Martallar 2026-09-21, ViewLayer | Updating Film
Fra:1 Mem:21.67M (Peak 22.74M) | Time:00:00.06 | Mem:4.96M, Peak:5.04M | Visby GK | Martallar 2026-09-21, ViewLayer | Updating Lookup Tables
Fra:1 Mem:21.67M (Peak 22.74M) | Time:00:00.06 | Mem:5.04M, Peak:5.04M | Visby GK | Martallar 2026-09-21, ViewLayer | Updating Baking
Fra:1 Mem:21.67M (Peak 22.74M) | Time:00:00.06 | Mem:5.04M, Peak:5.04M | Visby GK | Martallar 2026-09-21, ViewLayer | Updating Device | Writing constant memory
Fra:1 Mem:21.67M (Peak 22.74M) | Time:00:00.06 | Mem:5.04M, Peak:5.04M | Visby GK | Martallar 2026-09-21, ViewLayer | Loading denoising kernels (may take a few minutes the first time)
Fra:1 Mem:21.67M (Peak 22.74M) | Time:00:00.06 | Mem:5.04M, Peak:5.04M | Visby GK | Martallar 2026-09-21, ViewLayer | Sample 0/24
Fra:1 Mem:133.48M (Peak 133.48M) | Time:00:01.07 | Remaining:00:23.35 | Mem:116.67M, Peak:116.67M | Visby GK | Martallar 2026-09-21, ViewLayer | Sample 1/24
Fra:1 Mem:180.48M (Peak 250.98M) | Time:00:30.13 | Mem:116.67M, Peak:116.67M | Visby GK | Martallar 2026-09-21, ViewLayer | Sample 24/24
Fra:1 Mem:180.48M (Peak 250.98M) | Time:00:30.13 | Mem:116.67M, Peak:116.67M | Visby GK | Martallar 2026-09-21, ViewLayer | Finished
Saved: 'C:\Users\olov_\repos\olovs-hemsida\docs\graphics\visby-martall-2026-09-21\variant-2.png'
Time: 00:30.43 (Saving: 00:00.27)

Fra:1 Mem:17.03M (Peak 17.03M) | Time:00:00.00 | Mem:0.00M, Peak:0.00M | Visby GK | Martallar 2026-09-21, ViewLayer | Synchronizing object | Study ground
Fra:1 Mem:17.04M (Peak 17.04M) | Time:00:00.00 | Mem:0.00M, Peak:0.00M | Visby GK | Martallar 2026-09-21, ViewLayer | Synchronizing object | Krokig flerstammig martall | crown
Fra:1 Mem:17.04M (Peak 17.04M) | Time:00:00.00 | Mem:0.00M, Peak:0.00M | Visby GK | Martallar 2026-09-21, ViewLayer | Synchronizing object | Låg kustmartall | trunk
Fra:1 Mem:17.18M (Peak 17.18M) | Time:00:00.00 | Mem:0.00M, Peak:0.00M | Visby GK | Martallar 2026-09-21, ViewLayer | Synchronizing object | Soft sun
Fra:1 Mem:17.32M (Peak 17.32M) | Time:00:00.00 | Mem:0.00M, Peak:0.00M | Visby GK | Martallar 2026-09-21, ViewLayer | Synchronizing object | Öppen skärmtall | trunk
Fra:1 Mem:18.41M (Peak 18.41M) | Time:00:00.00 | Mem:0.00M, Peak:0.00M | Visby GK | Martallar 2026-09-21, ViewLayer | Initializing
Fra:1 Mem:18.37M (Peak 18.41M) | Time:00:00.00 | Mem:0.00M, Peak:0.00M | Visby GK | Martallar 2026-09-21, ViewLayer | Updating Images | Loading 156f6f1e2bebc2f54dc51bb289c4199499f3027cf8a58dd983de7ae4966f048
Fra:1 Mem:18.78M (Peak 20.38M) | Time:00:00.02 | Mem:1.00M, Peak:1.00M | Visby GK | Martallar 2026-09-21, ViewLayer | Waiting for render to start
Fra:1 Mem:18.78M (Peak 20.38M) | Time:00:00.02 | Mem:1.00M, Peak:1.00M | Visby GK | Martallar 2026-09-21, ViewLayer | Updating Scene
Fra:1 Mem:18.78M (Peak 20.38M) | Time:00:00.02 | Mem:1.00M, Peak:1.00M | Visby GK | Martallar 2026-09-21, ViewLayer | Updating Shaders
Fra:1 Mem:18.78M (Peak 20.38M) | Time:00:00.02 | Mem:1.00M, Peak:1.00M | Visby GK | Martallar 2026-09-21, ViewLayer | Loading render kernels (may take a few minutes the first time)
Fra:1 Mem:18.86M (Peak 20.38M) | Time:00:00.02 | Mem:1.00M, Peak:1.00M | Visby GK | Martallar 2026-09-21, ViewLayer | Updating Procedurals
Fra:1 Mem:18.86M (Peak 20.38M) | Time:00:00.02 | Mem:1.00M, Peak:1.00M | Visby GK | Martallar 2026-09-21, ViewLayer | Updating Background
Fra:1 Mem:18.86M (Peak 20.38M) | Time:00:00.02 | Mem:1.00M, Peak:1.00M | Visby GK | Martallar 2026-09-21, ViewLayer | Updating Camera
Fra:1 Mem:18.86M (Peak 20.38M) | Time:00:00.02 | Mem:1.00M, Peak:1.00M | Visby GK | Martallar 2026-09-21, ViewLayer | Updating Meshes Flags
Fra:1 Mem:18.86M (Peak 20.38M) | Time:00:00.02 | Mem:1.00M, Peak:1.00M | Visby GK | Martallar 2026-09-21, ViewLayer | Updating Objects
Fra:1 Mem:18.86M (Peak 20.38M) | Time:00:00.02 | Mem:1.00M, Peak:1.00M | Visby GK | Martallar 2026-09-21, ViewLayer | Updating Objects | Copying Transformations to device
Fra:1 Mem:18.86M (Peak 20.38M) | Time:00:00.02 | Mem:1.01M, Peak:1.01M | Visby GK | Martallar 2026-09-21, ViewLayer | Updating Particle Systems
Fra:1 Mem:18.86M (Peak 20.38M) | Time:00:00.02 | Mem:1.01M, Peak:1.01M | Visby GK | Martallar 2026-09-21, ViewLayer | Updating Particle Systems | Copying Particles to device
Fra:1 Mem:18.86M (Peak 20.38M) | Time:00:00.02 | Mem:1.01M, Peak:1.01M | Visby GK | Martallar 2026-09-21, ViewLayer | Updating Meshes
Fra:1 Mem:18.86M (Peak 20.38M) | Time:00:00.02 | Mem:1.01M, Peak:1.01M | Visby GK | Martallar 2026-09-21, ViewLayer | Updating Objects | Applying Static Transformations
Fra:1 Mem:18.86M (Peak 20.38M) | Time:00:00.02 | Mem:1.01M, Peak:1.01M | Visby GK | Martallar 2026-09-21, ViewLayer | Updating Mesh | Computing attributes
Fra:1 Mem:19.25M (Peak 20.38M) | Time:00:00.02 | Mem:1.01M, Peak:1.01M | Visby GK | Martallar 2026-09-21, ViewLayer | Updating Mesh | Copying Attributes to device
Fra:1 Mem:19.24M (Peak 20.38M) | Time:00:00.02 | Mem:1.39M, Peak:1.39M | Visby GK | Martallar 2026-09-21, ViewLayer | Updating Scene BVH | Building
Fra:1 Mem:19.25M (Peak 20.38M) | Time:00:00.02 | Mem:1.39M, Peak:1.39M | Visby GK | Martallar 2026-09-21, ViewLayer | Updating Scene BVH | Building BVH
Fra:1 Mem:19.25M (Peak 20.38M) | Time:00:00.02 | Mem:1.94M, Peak:1.94M | Visby GK | Martallar 2026-09-21, ViewLayer | Updating Scene BVH | Building BVH 0%
Fra:1 Mem:19.25M (Peak 20.38M) | Time:00:00.04 | Mem:2.54M, Peak:3.09M | Visby GK | Martallar 2026-09-21, ViewLayer | Updating Scene BVH | Copying BVH to device
Fra:1 Mem:19.25M (Peak 20.38M) | Time:00:00.04 | Mem:2.54M, Peak:3.09M | Visby GK | Martallar 2026-09-21, ViewLayer | Updating Mesh | Computing normals
Fra:1 Mem:20.03M (Peak 20.38M) | Time:00:00.04 | Mem:2.54M, Peak:3.09M | Visby GK | Martallar 2026-09-21, ViewLayer | Updating Mesh | Copying Mesh to device
Fra:1 Mem:20.03M (Peak 20.38M) | Time:00:00.04 | Mem:3.32M, Peak:3.32M | Visby GK | Martallar 2026-09-21, ViewLayer | Updating Objects Flags
Fra:1 Mem:20.03M (Peak 20.38M) | Time:00:00.04 | Mem:3.32M, Peak:3.32M | Visby GK | Martallar 2026-09-21, ViewLayer | Updating Primitive Offsets
Fra:1 Mem:20.03M (Peak 20.38M) | Time:00:00.04 | Mem:3.32M, Peak:3.32M | Visby GK | Martallar 2026-09-21, ViewLayer | Updating Images
Fra:1 Mem:20.03M (Peak 20.38M) | Time:00:00.04 | Mem:3.32M, Peak:3.32M | Visby GK | Martallar 2026-09-21, ViewLayer | Updating Camera Volume
Fra:1 Mem:20.03M (Peak 20.38M) | Time:00:00.04 | Mem:3.32M, Peak:3.32M | Visby GK | Martallar 2026-09-21, ViewLayer | Updating Lookup Tables
Fra:1 Mem:20.03M (Peak 20.38M) | Time:00:00.04 | Mem:3.40M, Peak:3.40M | Visby GK | Martallar 2026-09-21, ViewLayer | Updating Lights
Fra:1 Mem:20.03M (Peak 20.38M) | Time:00:00.04 | Mem:3.40M, Peak:3.40M | Visby GK | Martallar 2026-09-21, ViewLayer | Updating Lights | Computing tree
Fra:1 Mem:21.67M (Peak 22.74M) | Time:00:00.08 | Mem:5.04M, Peak:5.04M | Visby GK | Martallar 2026-09-21, ViewLayer | Updating Integrator
Fra:1 Mem:21.67M (Peak 22.74M) | Time:00:00.08 | Mem:5.04M, Peak:5.04M | Visby GK | Martallar 2026-09-21, ViewLayer | Updating Film
Fra:1 Mem:21.67M (Peak 22.74M) | Time:00:00.08 | Mem:4.96M, Peak:5.04M | Visby GK | Martallar 2026-09-21, ViewLayer | Updating Lookup Tables
Fra:1 Mem:21.67M (Peak 22.74M) | Time:00:00.08 | Mem:5.04M, Peak:5.04M | Visby GK | Martallar 2026-09-21, ViewLayer | Updating Baking
Fra:1 Mem:21.67M (Peak 22.74M) | Time:00:00.08 | Mem:5.04M, Peak:5.04M | Visby GK | Martallar 2026-09-21, ViewLayer | Updating Device | Writing constant memory
Fra:1 Mem:21.67M (Peak 22.74M) | Time:00:00.08 | Mem:5.04M, Peak:5.04M | Visby GK | Martallar 2026-09-21, ViewLayer | Loading denoising kernels (may take a few minutes the first time)
Fra:1 Mem:21.67M (Peak 22.74M) | Time:00:00.08 | Mem:5.04M, Peak:5.04M | Visby GK | Martallar 2026-09-21, ViewLayer | Sample 0/24
Fra:1 Mem:133.48M (Peak 133.48M) | Time:00:01.21 | Remaining:00:25.95 | Mem:116.67M, Peak:116.67M | Visby GK | Martallar 2026-09-21, ViewLayer | Sample 1/24
Fra:1 Mem:180.48M (Peak 250.98M) | Time:00:28.35 | Mem:116.67M, Peak:116.67M | Visby GK | Martallar 2026-09-21, ViewLayer | Sample 24/24
Fra:1 Mem:180.48M (Peak 250.98M) | Time:00:28.35 | Mem:116.67M, Peak:116.67M | Visby GK | Martallar 2026-09-21, ViewLayer | Finished
Saved: 'C:\Users\olov_\repos\olovs-hemsida\docs\graphics\visby-martall-2026-09-21\variant-3.png'
Time: 00:28.57 (Saving: 00:00.20)

Info: Saved as "visby-coastal-pines.blend"
VISBY_PINE_COMPLETE

Blender quit
